2025-07-09T15:54:22.2377159Z Current runner version: '2.325.0'
2025-07-09T15:54:22.2406562Z ##[group]Operating System
2025-07-09T15:54:22.2407408Z Ubuntu
2025-07-09T15:54:22.2407931Z 24.04.2
2025-07-09T15:54:22.2408382Z LTS
2025-07-09T15:54:22.2408914Z ##[endgroup]
2025-07-09T15:54:22.2409668Z ##[group]Runner Image
2025-07-09T15:54:22.2410296Z Image: ubuntu-24.04
2025-07-09T15:54:22.2410822Z Version: 20250629.1.0
2025-07-09T15:54:22.2411927Z Included Software: https://github.com/actions/runner-images/blob/ubuntu24/20250629.1/images/ubuntu/Ubuntu2404-Readme.md
2025-07-09T15:54:22.2413281Z Image Release: https://github.com/actions/runner-images/releases/tag/ubuntu24%2F20250629.1
2025-07-09T15:54:22.2414128Z ##[endgroup]
2025-07-09T15:54:22.2414711Z ##[group]Runner Image Provisioner
2025-07-09T15:54:22.2415292Z 2.0.449.1
2025-07-09T15:54:22.2415744Z ##[endgroup]
2025-07-09T15:54:22.2416794Z ##[group]GITHUB_TOKEN Permissions
2025-07-09T15:54:22.2418609Z Contents: read
2025-07-09T15:54:22.2419477Z Metadata: read
2025-07-09T15:54:22.2420211Z ##[endgroup]
2025-07-09T15:54:22.2422545Z Secret source: Actions
2025-07-09T15:54:22.2423239Z Prepare workflow directory
2025-07-09T15:54:22.2772935Z Prepare all required actions
2025-07-09T15:54:22.2812326Z Getting action download info
2025-07-09T15:54:22.5702078Z ##[group]Download immutable action package 'actions/checkout@v4'
2025-07-09T15:54:22.5703320Z Version: 4.2.2
2025-07-09T15:54:22.5704317Z Digest: sha256:ccb2698953eaebd21c7bf6268a94f9c26518a7e38e27e0b83c1fe1ad049819b1
2025-07-09T15:54:22.5705513Z Source commit SHA: 11bd71901bbe5b1630ceea73d27597364c9af683
2025-07-09T15:54:22.5706256Z ##[endgroup]
2025-07-09T15:54:22.7496740Z Complete job name: build-test
2025-07-09T15:54:22.8270020Z ##[group]Run actions/checkout@v4
2025-07-09T15:54:22.8271172Z with:
2025-07-09T15:54:22.8271789Z   repository: neuroglyph/git-mind
2025-07-09T15:54:22.8272589Z   token: ***
2025-07-09T15:54:22.8272971Z   ssh-strict: true
2025-07-09T15:54:22.8273365Z   ssh-user: git
2025-07-09T15:54:22.8273770Z   persist-credentials: true
2025-07-09T15:54:22.8274235Z   clean: true
2025-07-09T15:54:22.8274633Z   sparse-checkout-cone-mode: true
2025-07-09T15:54:22.8275123Z   fetch-depth: 1
2025-07-09T15:54:22.8275506Z   fetch-tags: false
2025-07-09T15:54:22.8275908Z   show-progress: true
2025-07-09T15:54:22.8276313Z   lfs: false
2025-07-09T15:54:22.8276683Z   submodules: false
2025-07-09T15:54:22.8277085Z   set-safe-directory: true
2025-07-09T15:54:22.8277776Z ##[endgroup]
2025-07-09T15:54:23.2079950Z Syncing repository: neuroglyph/git-mind
2025-07-09T15:54:23.2083468Z ##[group]Getting Git version info
2025-07-09T15:54:23.2084758Z Working directory is '/home/runner/work/git-mind/git-mind'
2025-07-09T15:54:23.2086796Z [command]/usr/bin/git version
2025-07-09T15:54:23.2188498Z git version 2.49.0
2025-07-09T15:54:23.2222996Z ##[endgroup]
2025-07-09T15:54:23.2237888Z Temporarily overriding HOME='/home/runner/work/_temp/4e0dbb44-c188-4a56-a4b6-d8de40ea787b' before making global git config changes
2025-07-09T15:54:23.2243650Z Adding repository directory to the temporary git global config as a safe directory
2025-07-09T15:54:23.2244926Z [command]/usr/bin/git config --global --add safe.directory /home/runner/work/git-mind/git-mind
2025-07-09T15:54:23.2288424Z Deleting the contents of '/home/runner/work/git-mind/git-mind'
2025-07-09T15:54:23.2292433Z ##[group]Initializing the repository
2025-07-09T15:54:23.2297486Z [command]/usr/bin/git init /home/runner/work/git-mind/git-mind
2025-07-09T15:54:23.2391480Z hint: Using 'master' as the name for the initial branch. This default branch name
2025-07-09T15:54:23.2392786Z hint: is subject to change. To configure the initial branch name to use in all
2025-07-09T15:54:23.2394398Z hint: of your new repositories, which will suppress this warning, call:
2025-07-09T15:54:23.2395314Z hint:
2025-07-09T15:54:23.2395931Z hint: 	git config --global init.defaultBranch <name>
2025-07-09T15:54:23.2396670Z hint:
2025-07-09T15:54:23.2397361Z hint: Names commonly chosen instead of 'master' are 'main', 'trunk' and
2025-07-09T15:54:23.2399975Z hint: 'development'. The just-created branch can be renamed via this command:
2025-07-09T15:54:23.2401677Z hint:
2025-07-09T15:54:23.2402464Z hint: 	git branch -m <name>
2025-07-09T15:54:23.2403883Z Initialized empty Git repository in /home/runner/work/git-mind/git-mind/.git/
2025-07-09T15:54:23.2415443Z [command]/usr/bin/git remote add origin https://github.com/neuroglyph/git-mind
2025-07-09T15:54:23.2462635Z ##[endgroup]
2025-07-09T15:54:23.2463512Z ##[group]Disabling automatic garbage collection
2025-07-09T15:54:23.2469367Z [command]/usr/bin/git config --local gc.auto 0
2025-07-09T15:54:23.2506499Z ##[endgroup]
2025-07-09T15:54:23.2507357Z ##[group]Setting up auth
2025-07-09T15:54:23.2518372Z [command]/usr/bin/git config --local --name-only --get-regexp core\.sshCommand
2025-07-09T15:54:23.2562164Z [command]/usr/bin/git submodule foreach --recursive sh -c "git config --local --name-only --get-regexp 'core\.sshCommand' && git config --local --unset-all 'core.sshCommand' || :"
2025-07-09T15:54:23.2944207Z [command]/usr/bin/git config --local --name-only --get-regexp http\.https\:\/\/github\.com\/\.extraheader
2025-07-09T15:54:23.2984553Z [command]/usr/bin/git submodule foreach --recursive sh -c "git config --local --name-only --get-regexp 'http\.https\:\/\/github\.com\/\.extraheader' && git config --local --unset-all 'http.https://github.com/.extraheader' || :"
2025-07-09T15:54:23.3256708Z [command]/usr/bin/git config --local http.https://github.com/.extraheader AUTHORIZATION: basic ***
2025-07-09T15:54:23.3294811Z ##[endgroup]
2025-07-09T15:54:23.3296360Z ##[group]Fetching the repository
2025-07-09T15:54:23.3305811Z [command]/usr/bin/git -c protocol.version=2 fetch --no-tags --prune --no-recurse-submodules --depth=1 origin +996aa140d0bfce3c67c7cc704080748f6341a3ce:refs/remotes/pull/155/merge
2025-07-09T15:54:23.8455657Z From https://github.com/neuroglyph/git-mind
2025-07-09T15:54:23.8459940Z  * [new ref]         996aa140d0bfce3c67c7cc704080748f6341a3ce -> pull/155/merge
2025-07-09T15:54:23.8484454Z ##[endgroup]
2025-07-09T15:54:23.8485587Z ##[group]Determining the checkout info
2025-07-09T15:54:23.8487185Z ##[endgroup]
2025-07-09T15:54:23.8492436Z [command]/usr/bin/git sparse-checkout disable
2025-07-09T15:54:23.8541272Z [command]/usr/bin/git config --local --unset-all extensions.worktreeConfig
2025-07-09T15:54:23.8575047Z ##[group]Checking out the ref
2025-07-09T15:54:23.8579943Z [command]/usr/bin/git checkout --progress --force refs/remotes/pull/155/merge
2025-07-09T15:54:25.9019983Z Updating files:  17% (44/255)
2025-07-09T15:54:25.9021749Z Updating files:  18% (46/255)
2025-07-09T15:54:25.9024284Z Updating files:  19% (49/255)
2025-07-09T15:54:25.9025303Z Updating files:  20% (51/255)
2025-07-09T15:54:25.9026373Z Updating files:  21% (54/255)
2025-07-09T15:54:25.9028376Z Updating files:  22% (57/255)
2025-07-09T15:54:25.9031373Z Updating files:  23% (59/255)
2025-07-09T15:54:25.9033133Z Updating files:  24% (62/255)
2025-07-09T15:54:25.9035284Z Updating files:  25% (64/255)
2025-07-09T15:54:25.9036604Z Updating files:  26% (67/255)
2025-07-09T15:54:25.9040246Z Updating files:  27% (69/255)
2025-07-09T15:54:25.9042298Z Updating files:  28% (72/255)
2025-07-09T15:54:25.9044413Z Updating files:  29% (74/255)
2025-07-09T15:54:25.9048047Z Updating files:  30% (77/255)
2025-07-09T15:54:25.9052408Z Updating files:  31% (80/255)
2025-07-09T15:54:25.9053959Z Updating files:  32% (82/255)
2025-07-09T15:54:25.9056313Z Updating files:  33% (85/255)
2025-07-09T15:54:25.9059796Z Updating files:  34% (87/255)
2025-07-09T15:54:25.9061250Z Updating files:  35% (90/255)
2025-07-09T15:54:25.9063780Z Updating files:  36% (92/255)
2025-07-09T15:54:25.9065127Z Updating files:  37% (95/255)
2025-07-09T15:54:25.9067611Z Updating files:  38% (97/255)
2025-07-09T15:54:25.9069502Z Updating files:  39% (100/255)
2025-07-09T15:54:25.9072488Z Updating files:  40% (102/255)
2025-07-09T15:54:25.9075666Z Updating files:  41% (105/255)
2025-07-09T15:54:25.9076797Z Updating files:  42% (108/255)
2025-07-09T15:54:25.9079790Z Updating files:  43% (110/255)
2025-07-09T15:54:25.9081327Z Updating files:  44% (113/255)
2025-07-09T15:54:25.9084423Z Updating files:  45% (115/255)
2025-07-09T15:54:25.9086025Z Updating files:  46% (118/255)
2025-07-09T15:54:25.9088948Z Updating files:  47% (120/255)
2025-07-09T15:54:25.9090894Z Updating files:  48% (123/255)
2025-07-09T15:54:25.9093442Z Updating files:  49% (125/255)
2025-07-09T15:54:25.9096899Z Updating files:  50% (128/255)
2025-07-09T15:54:25.9099687Z Updating files:  51% (131/255)
2025-07-09T15:54:25.9103682Z Updating files:  52% (133/255)
2025-07-09T15:54:25.9106649Z Updating files:  53% (136/255)
2025-07-09T15:54:25.9110239Z Updating files:  54% (138/255)
2025-07-09T15:54:25.9113036Z Updating files:  55% (141/255)
2025-07-09T15:54:25.9116508Z Updating files:  56% (143/255)
2025-07-09T15:54:25.9117783Z Updating files:  57% (146/255)
2025-07-09T15:54:25.9122876Z Updating files:  58% (148/255)
2025-07-09T15:54:25.9124137Z Updating files:  59% (151/255)
2025-07-09T15:54:25.9126372Z Updating files:  60% (153/255)
2025-07-09T15:54:25.9129488Z Updating files:  61% (156/255)
2025-07-09T15:54:25.9130444Z Updating files:  62% (159/255)
2025-07-09T15:54:25.9132585Z Updating files:  63% (161/255)
2025-07-09T15:54:25.9133617Z Updating files:  64% (164/255)
2025-07-09T15:54:25.9136174Z Updating files:  65% (166/255)
2025-07-09T15:54:25.9137426Z Updating files:  66% (169/255)
2025-07-09T15:54:25.9139955Z Updating files:  67% (171/255)
2025-07-09T15:54:25.9142050Z Updating files:  68% (174/255)
2025-07-09T15:54:25.9143838Z Updating files:  69% (176/255)
2025-07-09T15:54:25.9146013Z Updating files:  70% (179/255)
2025-07-09T15:54:25.9147433Z Updating files:  71% (182/255)
2025-07-09T15:54:25.9150223Z Updating files:  72% (184/255)
2025-07-09T15:54:25.9151433Z Updating files:  73% (187/255)
2025-07-09T15:54:25.9153816Z Updating files:  74% (189/255)
2025-07-09T15:54:25.9155330Z Updating files:  75% (192/255)
2025-07-09T15:54:25.9157853Z Updating files:  76% (194/255)
2025-07-09T15:54:25.9159921Z Updating files:  77% (197/255)
2025-07-09T15:54:25.9162515Z Updating files:  78% (199/255)
2025-07-09T15:54:25.9164130Z Updating files:  79% (202/255)
2025-07-09T15:54:25.9166009Z Updating files:  80% (204/255)
2025-07-09T15:54:25.9168221Z Updating files:  81% (207/255)
2025-07-09T15:54:25.9170262Z Updating files:  82% (210/255)
2025-07-09T15:54:25.9172556Z Updating files:  83% (212/255)
2025-07-09T15:54:25.9173776Z Updating files:  84% (215/255)
2025-07-09T15:54:25.9176658Z Updating files:  85% (217/255)
2025-07-09T15:54:25.9177933Z Updating files:  86% (220/255)
2025-07-09T15:54:25.9180237Z Updating files:  87% (222/255)
2025-07-09T15:54:25.9181850Z Updating files:  88% (225/255)
2025-07-09T15:54:25.9184439Z Updating files:  89% (227/255)
2025-07-09T15:54:25.9187781Z Updating files:  90% (230/255)
2025-07-09T15:54:25.9189890Z Updating files:  91% (233/255)
2025-07-09T15:54:25.9191527Z Updating files:  92% (235/255)
2025-07-09T15:54:25.9192526Z Updating files:  93% (238/255)
2025-07-09T15:54:25.9194485Z Updating files:  94% (240/255)
2025-07-09T15:54:25.9195671Z Updating files:  95% (243/255)
2025-07-09T15:54:25.9197348Z Updating files:  96% (245/255)
2025-07-09T15:54:25.9199179Z Updating files:  97% (248/255)
2025-07-09T15:54:25.9200940Z Updating files:  98% (250/255)
2025-07-09T15:54:25.9201922Z Updating files:  99% (253/255)
2025-07-09T15:54:25.9202458Z Updating files: 100% (255/255)
2025-07-09T15:54:25.9202911Z Updating files: 100% (255/255), done.
2025-07-09T15:54:25.9210585Z Note: switching to 'refs/remotes/pull/155/merge'.
2025-07-09T15:54:25.9210996Z 
2025-07-09T15:54:25.9211373Z You are in 'detached HEAD' state. You can look around, make experimental
2025-07-09T15:54:25.9212222Z changes and commit them, and you can discard any commits you make in this
2025-07-09T15:54:25.9212800Z state without impacting any branches by switching back to a branch.
2025-07-09T15:54:25.9213108Z 
2025-07-09T15:54:25.9213321Z If you want to create a new branch to retain commits you create, you may
2025-07-09T15:54:25.9213828Z do so (now or later) by using -c with the switch command. Example:
2025-07-09T15:54:25.9214317Z 
2025-07-09T15:54:25.9214446Z   git switch -c <new-branch-name>
2025-07-09T15:54:25.9214640Z 
2025-07-09T15:54:25.9214767Z Or undo this operation with:
2025-07-09T15:54:25.9214949Z 
2025-07-09T15:54:25.9215058Z   git switch -
2025-07-09T15:54:25.9215201Z 
2025-07-09T15:54:25.9215573Z Turn off this advice by setting config variable advice.detachedHead to false
2025-07-09T15:54:25.9215979Z 
2025-07-09T15:54:25.9216361Z HEAD is now at 996aa14 Merge b0244686c02a0fb895ffa8011cc35f9dc4522ac7 into f34f665e1acea4aeddef08eca5d75a5b0c552504
2025-07-09T15:54:25.9482621Z ##[endgroup]
2025-07-09T15:54:25.9523663Z [command]/usr/bin/git log -1 --format=%H
2025-07-09T15:54:25.9546230Z 996aa140d0bfce3c67c7cc704080748f6341a3ce
2025-07-09T15:54:25.9750228Z ##[group]Run sudo apt-get update
2025-07-09T15:54:25.9750620Z [36;1msudo apt-get update[0m
2025-07-09T15:54:25.9751029Z [36;1msudo apt-get install -y wget gnupg lsb-release python3-pip[0m
2025-07-09T15:54:25.9751645Z [36;1mwget -O - https://apt.llvm.org/llvm.sh | sudo bash -s -- 20[0m
2025-07-09T15:54:25.9752142Z [36;1msudo apt-get install -y clang-20 clang-tidy-20 cppcheck libsodium-dev[0m
2025-07-09T15:54:25.9752632Z [36;1msudo ln -sf /usr/bin/clang-tidy-20 /usr/local/bin/clang-tidy[0m
2025-07-09T15:54:25.9753049Z [36;1msudo ln -sf /usr/bin/clang++-20    /usr/local/bin/clang++[0m
2025-07-09T15:54:25.9753461Z [36;1msudo ln -sf /usr/bin/clang-20      /usr/local/bin/clang[0m
2025-07-09T15:54:25.9753870Z [36;1mpip3 install --break-system-packages meson ninja[0m
2025-07-09T15:54:25.9858596Z shell: /usr/bin/bash -e {0}
2025-07-09T15:54:25.9858923Z ##[endgroup]
2025-07-09T15:54:26.1074778Z Get:1 file:/etc/apt/apt-mirrors.txt Mirrorlist [144 B]
2025-07-09T15:54:26.1567964Z Hit:6 https://packages.microsoft.com/repos/azure-cli noble InRelease
2025-07-09T15:54:26.1574663Z Hit:2 http://azure.archive.ubuntu.com/ubuntu noble InRelease
2025-07-09T15:54:26.1577264Z Hit:7 https://packages.microsoft.com/ubuntu/24.04/prod noble InRelease
2025-07-09T15:54:26.1593188Z Get:3 http://azure.archive.ubuntu.com/ubuntu noble-updates InRelease [126 kB]
2025-07-09T15:54:26.1687302Z Hit:4 http://azure.archive.ubuntu.com/ubuntu noble-backports InRelease
2025-07-09T15:54:26.1688150Z Get:5 http://azure.archive.ubuntu.com/ubuntu noble-security InRelease [126 kB]
2025-07-09T15:54:26.6407568Z Get:8 http://azure.archive.ubuntu.com/ubuntu noble-security/main amd64 Packages [984 kB]
2025-07-09T15:54:26.6568249Z Get:9 http://azure.archive.ubuntu.com/ubuntu noble-security/main Translation-en [175 kB]
2025-07-09T15:54:26.6587059Z Get:10 http://azure.archive.ubuntu.com/ubuntu noble-security/universe amd64 Packages [871 kB]
2025-07-09T15:54:26.6648320Z Get:11 http://azure.archive.ubuntu.com/ubuntu noble-security/universe Translation-en [191 kB]
2025-07-09T15:54:38.2961910Z Fetched 2473 kB in 1s (3134 kB/s)
2025-07-09T15:54:39.0134832Z Reading package lists...
2025-07-09T15:54:39.0463965Z Reading package lists...
2025-07-09T15:54:39.2591423Z Building dependency tree...
2025-07-09T15:54:39.2600337Z Reading state information...
2025-07-09T15:54:39.4519408Z wget is already the newest version (1.21.4-1ubuntu4.1).
2025-07-09T15:54:39.4519991Z lsb-release is already the newest version (12.0-2).
2025-07-09T15:54:39.4520774Z python3-pip is already the newest version (24.0+dfsg-1ubuntu1.2).
2025-07-09T15:54:39.4521673Z The following additional packages will be installed:
2025-07-09T15:54:39.4522770Z   dirmngr gnupg-l10n gnupg-utils gnupg2 gpg gpg-agent gpg-wks-client gpgconf
2025-07-09T15:54:39.4530014Z   gpgsm gpgv keyboxd
2025-07-09T15:54:39.4537657Z Suggested packages:
2025-07-09T15:54:39.4538310Z   pinentry-gnome3 tor parcimonie xloadimage gpg-wks-server scdaemon
2025-07-09T15:54:39.4966452Z The following packages will be upgraded:
2025-07-09T15:54:39.4967089Z   dirmngr gnupg gnupg-l10n gnupg-utils gnupg2 gpg gpg-agent gpg-wks-client
2025-07-09T15:54:39.4973365Z   gpgconf gpgsm gpgv keyboxd
2025-07-09T15:54:39.5143949Z 12 upgraded, 0 newly installed, 0 to remove and 56 not upgraded.
2025-07-09T15:54:39.5144998Z Need to get 2297 kB of archives.
2025-07-09T15:54:39.5145601Z After this operation, 0 B of additional disk space will be used.
2025-07-09T15:54:39.5146321Z Get:1 file:/etc/apt/apt-mirrors.txt Mirrorlist [144 B]
2025-07-09T15:54:39.5801094Z Get:2 http://azure.archive.ubuntu.com/ubuntu noble-updates/main amd64 gpg-wks-client amd64 2.4.4-2ubuntu17.3 [70.9 kB]
2025-07-09T15:54:39.6178697Z Get:3 http://azure.archive.ubuntu.com/ubuntu noble-updates/main amd64 dirmngr amd64 2.4.4-2ubuntu17.3 [323 kB]
2025-07-09T15:54:39.6896818Z Get:4 http://azure.archive.ubuntu.com/ubuntu noble-updates/main amd64 gpgsm amd64 2.4.4-2ubuntu17.3 [232 kB]
2025-07-09T15:54:39.7357531Z Get:5 http://azure.archive.ubuntu.com/ubuntu noble-updates/main amd64 gnupg-utils amd64 2.4.4-2ubuntu17.3 [109 kB]
2025-07-09T15:54:39.7710579Z Get:6 http://azure.archive.ubuntu.com/ubuntu noble-updates/main amd64 gpg-agent amd64 2.4.4-2ubuntu17.3 [227 kB]
2025-07-09T15:54:39.8129329Z Get:7 http://azure.archive.ubuntu.com/ubuntu noble-updates/main amd64 gpg amd64 2.4.4-2ubuntu17.3 [565 kB]
2025-07-09T15:54:39.8649785Z Get:8 http://azure.archive.ubuntu.com/ubuntu noble-updates/main amd64 gpgconf amd64 2.4.4-2ubuntu17.3 [104 kB]
2025-07-09T15:54:39.9039344Z Get:9 http://azure.archive.ubuntu.com/ubuntu noble-updates/main amd64 gnupg all 2.4.4-2ubuntu17.3 [359 kB]
2025-07-09T15:54:39.9518733Z Get:10 http://azure.archive.ubuntu.com/ubuntu noble-updates/main amd64 keyboxd amd64 2.4.4-2ubuntu17.3 [78.3 kB]
2025-07-09T15:54:39.9889653Z Get:11 http://azure.archive.ubuntu.com/ubuntu noble-updates/main amd64 gpgv amd64 2.4.4-2ubuntu17.3 [158 kB]
2025-07-09T15:54:40.0285321Z Get:12 http://azure.archive.ubuntu.com/ubuntu noble-updates/main amd64 gnupg-l10n all 2.4.4-2ubuntu17.3 [66.4 kB]
2025-07-09T15:54:40.0640939Z Get:13 http://azure.archive.ubuntu.com/ubuntu noble-updates/universe amd64 gnupg2 all 2.4.4-2ubuntu17.3 [4748 B]
2025-07-09T15:54:40.3619870Z Fetched 2297 kB in 1s (4098 kB/s)
2025-07-09T15:54:40.4401592Z (Reading database ... 
2025-07-09T15:54:40.4402018Z (Reading database ... 5%
2025-07-09T15:54:40.4402399Z (Reading database ... 10%
2025-07-09T15:54:40.4402778Z (Reading database ... 15%
2025-07-09T15:54:40.4403126Z (Reading database ... 20%
2025-07-09T15:54:40.4403478Z (Reading database ... 25%
2025-07-09T15:54:40.4403819Z (Reading database ... 30%
2025-07-09T15:54:40.4404165Z (Reading database ... 35%
2025-07-09T15:54:40.4404520Z (Reading database ... 40%
2025-07-09T15:54:40.4404844Z (Reading database ... 45%
2025-07-09T15:54:40.4405221Z (Reading database ... 50%
2025-07-09T15:54:40.4965568Z (Reading database ... 55%
2025-07-09T15:54:40.8151196Z (Reading database ... 60%
2025-07-09T15:54:41.2059969Z (Reading database ... 65%
2025-07-09T15:54:41.6070497Z (Reading database ... 70%
2025-07-09T15:54:41.8673912Z (Reading database ... 75%
2025-07-09T15:54:42.4791073Z (Reading database ... 80%
2025-07-09T15:54:43.3251948Z (Reading database ... 85%
2025-07-09T15:54:44.9741695Z (Reading database ... 90%
2025-07-09T15:54:46.8198722Z (Reading database ... 95%
2025-07-09T15:54:46.8199787Z (Reading database ... 100%
2025-07-09T15:54:46.8200838Z (Reading database ... 219395 files and directories currently installed.)
2025-07-09T15:54:46.8250048Z Preparing to unpack .../0-gpg-wks-client_2.4.4-2ubuntu17.3_amd64.deb ...
2025-07-09T15:54:46.8341765Z Unpacking gpg-wks-client (2.4.4-2ubuntu17.3) over (2.4.4-2ubuntu17.2) ...
2025-07-09T15:54:46.8928171Z Preparing to unpack .../1-dirmngr_2.4.4-2ubuntu17.3_amd64.deb ...
2025-07-09T15:54:46.9366588Z Unpacking dirmngr (2.4.4-2ubuntu17.3) over (2.4.4-2ubuntu17.2) ...
2025-07-09T15:54:47.0366406Z Preparing to unpack .../2-gpgsm_2.4.4-2ubuntu17.3_amd64.deb ...
2025-07-09T15:54:47.0411658Z Unpacking gpgsm (2.4.4-2ubuntu17.3) over (2.4.4-2ubuntu17.2) ...
2025-07-09T15:54:47.0929338Z Preparing to unpack .../3-gnupg-utils_2.4.4-2ubuntu17.3_amd64.deb ...
2025-07-09T15:54:47.0969138Z Unpacking gnupg-utils (2.4.4-2ubuntu17.3) over (2.4.4-2ubuntu17.2) ...
2025-07-09T15:54:47.1528447Z Preparing to unpack .../4-gpg-agent_2.4.4-2ubuntu17.3_amd64.deb ...
2025-07-09T15:54:47.1572394Z Unpacking gpg-agent (2.4.4-2ubuntu17.3) over (2.4.4-2ubuntu17.2) ...
2025-07-09T15:54:47.2174920Z Preparing to unpack .../5-gpg_2.4.4-2ubuntu17.3_amd64.deb ...
2025-07-09T15:54:47.2220114Z Unpacking gpg (2.4.4-2ubuntu17.3) over (2.4.4-2ubuntu17.2) ...
2025-07-09T15:54:47.2742018Z Preparing to unpack .../6-gpgconf_2.4.4-2ubuntu17.3_amd64.deb ...
2025-07-09T15:54:47.2788393Z Unpacking gpgconf (2.4.4-2ubuntu17.3) over (2.4.4-2ubuntu17.2) ...
2025-07-09T15:54:47.3257967Z Preparing to unpack .../7-gnupg_2.4.4-2ubuntu17.3_all.deb ...
2025-07-09T15:54:47.3302788Z Unpacking gnupg (2.4.4-2ubuntu17.3) over (2.4.4-2ubuntu17.2) ...
2025-07-09T15:54:47.3867356Z Preparing to unpack .../8-keyboxd_2.4.4-2ubuntu17.3_amd64.deb ...
2025-07-09T15:54:47.3896924Z Unpacking keyboxd (2.4.4-2ubuntu17.3) over (2.4.4-2ubuntu17.2) ...
2025-07-09T15:54:47.4332054Z Preparing to unpack .../9-gpgv_2.4.4-2ubuntu17.3_amd64.deb ...
2025-07-09T15:54:47.4370956Z Unpacking gpgv (2.4.4-2ubuntu17.3) over (2.4.4-2ubuntu17.2) ...
2025-07-09T15:54:47.4851225Z Setting up gpgv (2.4.4-2ubuntu17.3) ...
2025-07-09T15:54:47.5215587Z (Reading database ... 
2025-07-09T15:54:47.5216154Z (Reading database ... 5%
2025-07-09T15:54:47.5216741Z (Reading database ... 10%
2025-07-09T15:54:47.5217151Z (Reading database ... 15%
2025-07-09T15:54:47.5217725Z (Reading database ... 20%
2025-07-09T15:54:47.5218212Z (Reading database ... 25%
2025-07-09T15:54:47.5218799Z (Reading database ... 30%
2025-07-09T15:54:47.5219555Z (Reading database ... 35%
2025-07-09T15:54:47.5220145Z (Reading database ... 40%
2025-07-09T15:54:47.5220720Z (Reading database ... 45%
2025-07-09T15:54:47.5221299Z (Reading database ... 50%
2025-07-09T15:54:47.5237686Z (Reading database ... 55%
2025-07-09T15:54:47.5281639Z (Reading database ... 60%
2025-07-09T15:54:47.5299562Z (Reading database ... 65%
2025-07-09T15:54:47.5327792Z (Reading database ... 70%
2025-07-09T15:54:47.5352101Z (Reading database ... 75%
2025-07-09T15:54:47.5596580Z (Reading database ... 80%
2025-07-09T15:54:47.5665732Z (Reading database ... 85%
2025-07-09T15:54:47.5936798Z (Reading database ... 90%
2025-07-09T15:54:47.6050178Z (Reading database ... 95%
2025-07-09T15:54:47.6050839Z (Reading database ... 100%
2025-07-09T15:54:47.6051783Z (Reading database ... 219395 files and directories currently installed.)
2025-07-09T15:54:47.6104670Z Preparing to unpack .../gnupg-l10n_2.4.4-2ubuntu17.3_all.deb ...
2025-07-09T15:54:47.6160699Z Unpacking gnupg-l10n (2.4.4-2ubuntu17.3) over (2.4.4-2ubuntu17.2) ...
2025-07-09T15:54:47.6632878Z Preparing to unpack .../gnupg2_2.4.4-2ubuntu17.3_all.deb ...
2025-07-09T15:54:47.6676179Z Unpacking gnupg2 (2.4.4-2ubuntu17.3) over (2.4.4-2ubuntu17.2) ...
2025-07-09T15:54:47.7183067Z Setting up gnupg-l10n (2.4.4-2ubuntu17.3) ...
2025-07-09T15:54:47.7243409Z Setting up gpgconf (2.4.4-2ubuntu17.3) ...
2025-07-09T15:54:47.7280168Z Setting up gpg (2.4.4-2ubuntu17.3) ...
2025-07-09T15:54:47.7321453Z Setting up gnupg-utils (2.4.4-2ubuntu17.3) ...
2025-07-09T15:54:47.7352315Z Setting up gpg-agent (2.4.4-2ubuntu17.3) ...
2025-07-09T15:54:48.2679414Z Setting up gpgsm (2.4.4-2ubuntu17.3) ...
2025-07-09T15:54:48.2707218Z Setting up dirmngr (2.4.4-2ubuntu17.3) ...
2025-07-09T15:54:48.3952752Z Setting up keyboxd (2.4.4-2ubuntu17.3) ...
2025-07-09T15:54:48.5060525Z Setting up gnupg (2.4.4-2ubuntu17.3) ...
2025-07-09T15:54:48.5105711Z Setting up gnupg2 (2.4.4-2ubuntu17.3) ...
2025-07-09T15:54:48.5133606Z Setting up gpg-wks-client (2.4.4-2ubuntu17.3) ...
2025-07-09T15:54:48.5168073Z Processing triggers for install-info (7.1-3build2) ...
2025-07-09T15:54:49.1531638Z Processing triggers for man-db (2.12.0-4build2) ...
2025-07-09T15:55:53.7304226Z 
2025-07-09T15:55:53.7304930Z Running kernel seems to be up-to-date.
2025-07-09T15:55:53.7305322Z 
2025-07-09T15:55:53.7305476Z No services need to be restarted.
2025-07-09T15:55:53.7305748Z 
2025-07-09T15:55:53.7305900Z No containers need to be restarted.
2025-07-09T15:55:53.7306185Z 
2025-07-09T15:55:53.7306694Z No user sessions are running outdated binaries.
2025-07-09T15:55:53.7307040Z 
2025-07-09T15:55:53.7307359Z No VM guests are running outdated hypervisor (qemu) binaries on this host.
2025-07-09T15:55:54.8600602Z --2025-07-09 15:55:54--  https://apt.llvm.org/llvm.sh
2025-07-09T15:55:54.8892821Z Resolving apt.llvm.org (apt.llvm.org)... 146.75.78.49, 2a04:4e42:83::561
2025-07-09T15:55:54.8909260Z Connecting to apt.llvm.org (apt.llvm.org)|146.75.78.49|:443... connected.
2025-07-09T15:55:54.9029897Z HTTP request sent, awaiting response... 200 OK
2025-07-09T15:55:54.9030814Z Length: 7394 (7.2K) [application/octet-stream]
2025-07-09T15:55:54.9032612Z Saving to: ‘STDOUT’
2025-07-09T15:55:54.9103927Z 
2025-07-09T15:55:54.9104593Z      0K .......                                               100% 71.6M=0s
2025-07-09T15:55:54.9104954Z 
2025-07-09T15:55:54.9105233Z 2025-07-09 15:55:54 (71.6 MB/s) - written to stdout [7394/7394]
2025-07-09T15:55:54.9105605Z 
2025-07-09T15:55:54.9105766Z + CURRENT_LLVM_STABLE=19
2025-07-09T15:55:54.9108132Z + BASE_URL=http://apt.llvm.org
2025-07-09T15:55:54.9108886Z + NEW_DEBIAN_DISTROS=("trixie" "unstable")
2025-07-09T15:55:54.9109676Z + LLVM_VERSION=19
2025-07-09T15:55:54.9110001Z + ALL=0
2025-07-09T15:55:54.9110307Z ++ lsb_release -is
2025-07-09T15:55:54.9125400Z + DISTRO=Ubuntu
2025-07-09T15:55:54.9128528Z ++ lsb_release -cs
2025-07-09T15:55:54.9201911Z + VERSION_CODENAME=noble
2025-07-09T15:55:54.9204532Z ++ lsb_release -sr
2025-07-09T15:55:54.9275490Z + VERSION=24.04
2025-07-09T15:55:54.9275750Z + UBUNTU_CODENAME=
2025-07-09T15:55:54.9276044Z + CODENAME_FROM_ARGUMENTS=
2025-07-09T15:55:54.9276431Z + source /etc/os-release
2025-07-09T15:55:54.9276810Z ++ PRETTY_NAME='Ubuntu 24.04.2 LTS'
2025-07-09T15:55:54.9277202Z ++ NAME=Ubuntu
2025-07-09T15:55:54.9277419Z ++ VERSION_ID=24.04
2025-07-09T15:55:54.9277635Z ++ VERSION='24.04.2 LTS (Noble Numbat)'
2025-07-09T15:55:54.9277886Z ++ VERSION_CODENAME=noble
2025-07-09T15:55:54.9278159Z ++ ID=ubuntu
2025-07-09T15:55:54.9278442Z ++ ID_LIKE=debian
2025-07-09T15:55:54.9278802Z ++ HOME_URL=https://www.ubuntu.com/
2025-07-09T15:55:54.9279389Z ++ SUPPORT_URL=https://help.ubuntu.com/
2025-07-09T15:55:54.9279875Z ++ BUG_REPORT_URL=https://bugs.launchpad.net/ubuntu/
2025-07-09T15:55:54.9280588Z ++ PRIVACY_POLICY_URL=https://www.ubuntu.com/legal/terms-and-policies/privacy-policy
2025-07-09T15:55:54.9281221Z ++ UBUNTU_CODENAME=noble
2025-07-09T15:55:54.9281549Z ++ LOGO=ubuntu-logo
2025-07-09T15:55:54.9281825Z + DISTRO=ubuntu
2025-07-09T15:55:54.9282111Z + is_new_debian=0
2025-07-09T15:55:54.9282416Z + [[ ubuntu == \d\e\b\i\a\n ]]
2025-07-09T15:55:54.9282785Z + needed_binaries=(lsb_release wget gpg)
2025-07-09T15:55:54.9283177Z + [[ 0 -eq 0 ]]
2025-07-09T15:55:54.9283485Z + needed_binaries+=(add-apt-repository)
2025-07-09T15:55:54.9283893Z + missing_binaries=()
2025-07-09T15:55:54.9284192Z + using_curl=
2025-07-09T15:55:54.9284488Z + for binary in "${needed_binaries[@]}"
2025-07-09T15:55:54.9284872Z + command -v lsb_release
2025-07-09T15:55:54.9285232Z + for binary in "${needed_binaries[@]}"
2025-07-09T15:55:54.9285605Z + command -v wget
2025-07-09T15:55:54.9285913Z + for binary in "${needed_binaries[@]}"
2025-07-09T15:55:54.9286297Z + command -v gpg
2025-07-09T15:55:54.9286602Z + for binary in "${needed_binaries[@]}"
2025-07-09T15:55:54.9287005Z + command -v add-apt-repository
2025-07-09T15:55:54.9287833Z + [[ 0 -gt 0 ]]
2025-07-09T15:55:54.9292264Z + case ${DISTRO} in
2025-07-09T15:55:54.9292584Z + [[ -n noble ]]
2025-07-09T15:55:54.9292877Z + CODENAME=noble
2025-07-09T15:55:54.9293158Z + [[ -n noble ]]
2025-07-09T15:55:54.9293372Z + LINKNAME=-noble
2025-07-09T15:55:54.9294948Z + '[' 1 -ge 1 ']'
2025-07-09T15:55:54.9295258Z + '[' 2 '!=' - ']'
2025-07-09T15:55:54.9295462Z + '[' 20 '!=' all ']'
2025-07-09T15:55:54.9295675Z + LLVM_VERSION=20
2025-07-09T15:55:54.9295855Z + OPTIND=2
2025-07-09T15:55:54.9296027Z + '[' 1 -ge 2 ']'
2025-07-09T15:55:54.9297798Z + getopts :hm:n: arg
2025-07-09T15:55:54.9298419Z + [[ 0 -ne 0 ]]
2025-07-09T15:55:54.9298784Z + declare -A LLVM_VERSION_PATTERNS
2025-07-09T15:55:54.9299775Z + LLVM_VERSION_PATTERNS[9]=-9
2025-07-09T15:55:54.9300362Z + LLVM_VERSION_PATTERNS[10]=-10
2025-07-09T15:55:54.9300743Z + LLVM_VERSION_PATTERNS[11]=-11
2025-07-09T15:55:54.9301119Z + LLVM_VERSION_PATTERNS[12]=-12
2025-07-09T15:55:54.9301488Z + LLVM_VERSION_PATTERNS[13]=-13
2025-07-09T15:55:54.9301869Z + LLVM_VERSION_PATTERNS[14]=-14
2025-07-09T15:55:54.9302232Z + LLVM_VERSION_PATTERNS[15]=-15
2025-07-09T15:55:54.9302600Z + LLVM_VERSION_PATTERNS[16]=-16
2025-07-09T15:55:54.9302967Z + LLVM_VERSION_PATTERNS[17]=-17
2025-07-09T15:55:54.9303331Z + LLVM_VERSION_PATTERNS[18]=-18
2025-07-09T15:55:54.9303692Z + LLVM_VERSION_PATTERNS[19]=-19
2025-07-09T15:55:54.9304056Z + LLVM_VERSION_PATTERNS[20]=-20
2025-07-09T15:55:54.9304628Z + LLVM_VERSION_PATTERNS[21]=
2025-07-09T15:55:54.9304976Z + '[' '!' _ ']'
2025-07-09T15:55:54.9305268Z + LLVM_VERSION_STRING=-20
2025-07-09T15:55:54.9308879Z + [[ -n noble ]]
2025-07-09T15:55:54.9309561Z + REPO_NAME='deb http://apt.llvm.org/noble/  llvm-toolchain-noble-20 main'
2025-07-09T15:55:54.9310219Z + wget -q --method=HEAD http://apt.llvm.org/noble
2025-07-09T15:55:54.9859230Z + [[ ! -f /etc/apt/trusted.gpg.d/apt.llvm.org.asc ]]
2025-07-09T15:55:54.9859975Z + [[ -z '' ]]
2025-07-09T15:55:54.9862298Z + wget -qO- https://apt.llvm.org/llvm-snapshot.gpg.key
2025-07-09T15:55:54.9864560Z + tee /etc/apt/trusted.gpg.d/apt.llvm.org.asc
2025-07-09T15:55:55.0235631Z -----BEGIN PGP PUBLIC KEY BLOCK-----
2025-07-09T15:55:55.0236361Z Version: GnuPG v1.4.12 (GNU/Linux)
2025-07-09T15:55:55.0236766Z 
2025-07-09T15:55:55.0237076Z mQINBFE9lCwBEADi0WUAApM/mgHJRU8lVkkw0CHsZNpqaQDNaHefD6Rw3S4LxNmM
2025-07-09T15:55:55.0237918Z EZaOTkhP200XZM8lVdbfUW9xSjA3oPldc1HG26NjbqqCmWpdo2fb+r7VmU2dq3NM
2025-07-09T15:55:55.0238864Z R18ZlKixiLDE6OUfaXWKamZsXb6ITTYmgTO6orQWYrnW6ckYHSeaAkW0wkDAryl2
2025-07-09T15:55:55.0239890Z B5v8aoFnQ1rFiVEMo4NGzw4UX+MelF7rxaaregmKVTPiqCOSPJ1McC1dHFN533FY
2025-07-09T15:55:55.0240652Z Wh/RVLKWo6npu+owtwYFQW+zyQhKzSIMvNujFRzhIxzxR9Gn87MoLAyfgKEzrbbT
2025-07-09T15:55:55.0241385Z DhqqNXTxS4UMUKCQaO93TzetX/EBrRpJj+vP640yio80h4Dr5pAd7+LnKwgpTDk1
2025-07-09T15:55:55.0242082Z G88bBXJAcPZnTSKu9I2c6KY4iRNbvRz4i+ZdwwZtdW4nSdl2792L7Sl7Nc44uLL/
2025-07-09T15:55:55.0242787Z ZqkKDXEBF6lsX5XpABwyK89S/SbHOytXv9o4puv+65Ac5/UShspQTMSKGZgvDauU
2025-07-09T15:55:55.0243488Z cs8kE1U9dPOqVNCYq9Nfwinkf6RxV1k1+gwtclxQuY7UpKXP0hNAXjAiA5KS5Crq
2025-07-09T15:55:55.0244244Z 7aaJg9q2F4bub0mNU6n7UI6vXguF2n4SEtzPRk6RP+4TiT3bZUsmr+1ktogyOJCc
2025-07-09T15:55:55.0245357Z Ha8G5VdL+NBIYQthOcieYCBnTeIH7D3Sp6FYQTYtVbKFzmMK+36ERreL/wARAQAB
2025-07-09T15:55:55.0246539Z tD1TeWx2ZXN0cmUgTGVkcnUgLSBEZWJpYW4gTExWTSBwYWNrYWdlcyA8c3lsdmVz
2025-07-09T15:55:55.0247680Z dHJlQGRlYmlhbi5vcmc+iQI4BBMBAgAiBQJRPZQsAhsDBgsJCAcDAgYVCAIJCgsE
2025-07-09T15:55:55.0248761Z FgIDAQIeAQIXgAAKCRAVz00Yr090Ibx+EADArS/hvkDF8juWMXxh17CgR0WZlHCC
2025-07-09T15:55:55.0249621Z 9CTBWkg5a0bNN/3bb97cPQt/vIKWjQtkQpav6/5JTVCSx2riL4FHYhH0iuo4iAPR
2025-07-09T15:55:55.0250294Z udC7Cvg8g7bSPrKO6tenQZNvQm+tUmBHgFiMBJi92AjZ/Qn1Shg7p9ITivFxpLyX
2025-07-09T15:55:55.0251004Z wpmnF1OKyI2Kof2rm4BFwfSWuf8Fvh7kDMRLHv+MlnK/7j/BNpKdozXxLcwoFBmn
2025-07-09T15:55:55.0251584Z l0WjpAH3OFF7Pvm1LJdf1DjWKH0Dc3sc6zxtmBR/KHHg6kK4BGQNnFKujcP7TVdv
2025-07-09T15:55:55.0252042Z gMYv84kun14pnwjZcqOtN3UJtcx22880DOQzinoMs3Q4w4o05oIF+sSgHViFpc3W
2025-07-09T15:55:55.0252704Z R0v+RllnH05vKZo+LDzc83DQVrdwliV12eHxrMQ8UYg88zCbF/cHHnlzZWAJgftg
2025-07-09T15:55:55.0253444Z hB08v1BKPgYRUzwJ6VdVqXYcZWEaUJmQAPuAALyZESw94hSo28FAn0/gzEc5uOYx
2025-07-09T15:55:55.0254225Z K+xG/lFwgAGYNb3uGM5m0P6LVTfdg6vDwwOeTNIExVk3KVFXeSQef2ZMkhwA7wya
2025-07-09T15:55:55.0255009Z KJptkb62wBHFE+o9TUdtMCY6qONxMMdwioRE5BYNwAsS1PnRD2+jtlI0DzvKHt7B
2025-07-09T15:55:55.0255772Z MWd8hnoUKhMeZ9TNmo+8CpsAtXZcBho0zPGz/R8NlJhAWpdAZ1CmcPo83EW86Yq7
2025-07-09T15:55:55.0256548Z BxQUKnNHcwj2ebkCDQRRPZQsARAA4jxYmbTHwmMjqSizlMJYNuGOpIidEdx9zQ5g
2025-07-09T15:55:55.0257329Z zOr431/VfWq4S+VhMDhs15j9lyml0y4ok215VRFwrAREDg6UPMr7ajLmBQGau0Fc
2025-07-09T15:55:55.0257863Z bvZJ90l4NjXp5p0NEE/qOb9UEHT7EGkEhaZ1ekkWFTWCgsy7rRXfZLxB6sk7pzLC
2025-07-09T15:55:55.0258538Z DshyW3zjIakWAnpQ5j5obiDy708pReAuGB94NSyb1HoW/xGsGgvvCw4r0w3xPStw
2025-07-09T15:55:55.0259182Z F1PhmScE6NTBIfLliea3pl8vhKPlCh54Hk7I8QGjo1ETlRP4Qll1ZxHJ8u25f/ta
2025-07-09T15:55:55.0259680Z RES2Aw8Hi7j0EVcZ6MT9JWTI83yUcnUlZPZS2HyeWcUj+8nUC8W4N8An+aNps9l/
2025-07-09T15:55:55.0260153Z 21inIl2TbGo3Yn1JQLnA1YCoGwC34g8QZTJhElEQBN0X29ayWW6OdFx8MDvllbBV
2025-07-09T15:55:55.0260605Z ymmKq2lK1U55mQTfDli7S3vfGz9Gp/oQwZ8bQpOeUkc5hbZszYwP4RX+68xDPfn+
2025-07-09T15:55:55.0261074Z M9udl+qW9wu+LyePbW6HX90LmkhNkkY2ZzUPRPDHZANU5btaPXc2H7edX4y4maQa
2025-07-09T15:55:55.0261540Z xenqD0lGh9LGz/mps4HEZtCI5CY8o0uCMF3lT0XfXhuLksr7Pxv57yue8LLTItOJ
2025-07-09T15:55:55.0261971Z d9Hmzp9G97SRYYeqU+8lyNXtU2PdrLLq7QHkzrsloG78lCpQcalHGACJzrlUWVP/
2025-07-09T15:55:55.0262553Z fN3Ht3kAEQEAAYkCHwQYAQIACQUCUT2ULAIbDAAKCRAVz00Yr090IbhWEADbr50X
2025-07-09T15:55:55.0263763Z OEXMIMGRLe+YMjeMX9NG4jxs0jZaWHc/WrGR+CCSUb9r6aPXeLo+45949uEfdSsB
2025-07-09T15:55:55.0264588Z pbaEdNWxF5Vr1CSjuO5siIlgDjmT655voXo67xVpEN4HhMrxugDJfCa6z97P0+ML
2025-07-09T15:55:55.0265211Z PdDxim57uNqkam9XIq9hKQaurxMAECDPmlEXI4QT3eu5qw5/knMzDMZj4Vi6hovL
2025-07-09T15:55:55.0265686Z wvvAeLHO/jsyfIdNmhBGU2RWCEZ9uo/MeerPHtRPfg74g+9PPfP6nyHD2Wes6yGd
2025-07-09T15:55:55.0266303Z oVQwtPNAQD6Cj7EaA2xdZYLJ7/jW6yiPu98FFWP74FN2dlyEA2uVziLsfBrgpS4l
2025-07-09T15:55:55.0267092Z tVOlrO2YzkkqUGrybzbLpj6eeHx+Cd7wcjI8CalsqtL6cG8cUEjtWQUHyTbQWAgG
2025-07-09T15:55:55.0267843Z 5VPEgIAVhJ6RTZ26i/G+4J8neKyRs4vz+57UGwY6zI4AB1ZcWGEE3Bf+CDEDgmnP
2025-07-09T15:55:55.0268265Z LSwbnHefK9IljT9XU98PelSryUO/5UPw7leE0akXKB4DtekToO226px1VnGp3Bov
2025-07-09T15:55:55.0268691Z 1GBGvpHvL2WizEwdk+nfk8LtrLzej+9FtIcq3uIrYnsac47Pf7p0otcFeTJTjSq3
2025-07-09T15:55:55.0269394Z krCaoG4Hx0zGQG2ZFpHrSrZTVy6lxvIdfi0beMgY6h78p6M9eYZHQHc02DjFkQXN
2025-07-09T15:55:55.0269785Z bXb5c6gCHESH5PXwPU4jQEE7Ib9J6sbk7ZT2Mw==
2025-07-09T15:55:55.0270032Z =j+4q
2025-07-09T15:55:55.0270216Z -----END PGP PUBLIC KEY BLOCK-----
2025-07-09T15:55:55.0270454Z ++ apt-key list
2025-07-09T15:55:55.0270636Z ++ grep -i llvm
2025-07-09T15:55:55.2152301Z + [[ -z /etc/apt/trusted.gpg.d/apt.llvm.org.asc
2025-07-09T15:55:55.2152838Z uid           [ unknown] Sylvestre Ledru - Debian LLVM packages <sylvestre@debian.org> ]]
2025-07-09T15:55:55.2156628Z + [[ noble == \b\o\o\k\w\o\r\m ]]
2025-07-09T15:55:55.2157008Z + [[ 0 -eq 1 ]]
2025-07-09T15:55:56.2144477Z + add-apt-repository -y 'deb http://apt.llvm.org/noble/  llvm-toolchain-noble-20 main'
2025-07-09T15:55:56.2145357Z Get:1 file:/etc/apt/apt-mirrors.txt Mirrorlist [144 B]
2025-07-09T15:55:56.2556225Z Hit:3 http://azure.archive.ubuntu.com/ubuntu noble InRelease
2025-07-09T15:55:56.2562728Z Hit:7 https://packages.microsoft.com/repos/azure-cli noble InRelease
2025-07-09T15:55:56.2571065Z Hit:8 https://packages.microsoft.com/ubuntu/24.04/prod noble InRelease
2025-07-09T15:55:56.2592185Z Hit:4 http://azure.archive.ubuntu.com/ubuntu noble-updates InRelease
2025-07-09T15:55:56.2592996Z Get:2 https://apt.llvm.org/noble llvm-toolchain-noble-20 InRelease [5554 B]
2025-07-09T15:55:56.2593801Z Hit:5 http://azure.archive.ubuntu.com/ubuntu noble-backports InRelease
2025-07-09T15:55:56.2601230Z Hit:6 http://azure.archive.ubuntu.com/ubuntu noble-security InRelease
2025-07-09T15:55:56.6703626Z Get:9 https://apt.llvm.org/noble llvm-toolchain-noble-20/main amd64 Packages [13.1 kB]
2025-07-09T15:55:58.6244638Z Fetched 18.7 kB in 1s (37.3 kB/s)
2025-07-09T15:55:59.3706016Z Reading package lists...
2025-07-09T15:55:59.3797873Z Repository: 'deb http://apt.llvm.org/noble/ llvm-toolchain-noble-20 main'
2025-07-09T15:55:59.3798575Z Description:
2025-07-09T15:55:59.3799119Z Archive for codename: llvm-toolchain-noble-20 components: main
2025-07-09T15:55:59.3799648Z More info: http://apt.llvm.org/noble/
2025-07-09T15:55:59.3800025Z Adding repository.
2025-07-09T15:55:59.3800616Z Adding deb entry to /etc/apt/sources.list.d/archive_uri-http_apt_llvm_org_noble_-noble.list
2025-07-09T15:55:59.3801561Z Adding disabled deb-src entry to /etc/apt/sources.list.d/archive_uri-http_apt_llvm_org_noble_-noble.list
2025-07-09T15:55:59.4063045Z + apt-get update
2025-07-09T15:55:59.4715646Z Get:1 file:/etc/apt/apt-mirrors.txt Mirrorlist [144 B]
2025-07-09T15:55:59.5049314Z Hit:2 http://azure.archive.ubuntu.com/ubuntu noble InRelease
2025-07-09T15:55:59.5053830Z Hit:7 https://packages.microsoft.com/repos/azure-cli noble InRelease
2025-07-09T15:55:59.5105562Z Hit:3 http://azure.archive.ubuntu.com/ubuntu noble-updates InRelease
2025-07-09T15:55:59.5140814Z Hit:4 http://azure.archive.ubuntu.com/ubuntu noble-backports InRelease
2025-07-09T15:55:59.5154814Z Hit:5 http://azure.archive.ubuntu.com/ubuntu noble-security InRelease
2025-07-09T15:55:59.5171517Z Hit:8 https://packages.microsoft.com/ubuntu/24.04/prod noble InRelease
2025-07-09T15:55:59.5420310Z Hit:6 https://apt.llvm.org/noble llvm-toolchain-noble-20 InRelease
2025-07-09T15:56:00.8373674Z Reading package lists...
2025-07-09T15:56:00.8459488Z + PKG='clang-20 lldb-20 lld-20 clangd-20'
2025-07-09T15:56:00.8462961Z + [[ 0 -eq 1 ]]
2025-07-09T15:56:00.8463583Z + apt-get install -y clang-20 lldb-20 lld-20 clangd-20
2025-07-09T15:56:00.8642079Z Reading package lists...
2025-07-09T15:56:01.0829458Z Building dependency tree...
2025-07-09T15:56:01.0838424Z Reading state information...
2025-07-09T15:56:01.2946059Z The following additional packages will be installed:
2025-07-09T15:56:01.2947241Z   clang-tools-20 libabsl20220623t64 libclang-common-20-dev libclang-cpp20
2025-07-09T15:56:01.2948427Z   libclang-rt-20-dev libclang1-20 libgrpc++1.51t64 libgrpc29t64 libipt2
2025-07-09T15:56:01.2951590Z   liblldb-20 libllvm20 libprotobuf-lite32t64 libprotobuf32t64 libprotoc32t64
2025-07-09T15:56:01.2952752Z   llvm-20 llvm-20-dev llvm-20-linker-tools llvm-20-runtime llvm-20-tools
2025-07-09T15:56:01.2953591Z   python3-lldb-20
2025-07-09T15:56:01.2959717Z Suggested packages:
2025-07-09T15:56:01.2960235Z   clang-20-doc wasi-libc llvm-20-doc
2025-07-09T15:56:01.3271496Z The following packages will be REMOVED:
2025-07-09T15:56:01.3277810Z   lldb-18 python3-lldb-18
2025-07-09T15:56:01.3278448Z The following NEW packages will be installed:
2025-07-09T15:56:01.3282007Z   clang-20 clang-tools-20 clangd-20 libabsl20220623t64 libclang-common-20-dev
2025-07-09T15:56:01.3283270Z   libclang-cpp20 libclang-rt-20-dev libclang1-20 libgrpc++1.51t64 libgrpc29t64
2025-07-09T15:56:01.3288102Z   libipt2 liblldb-20 libllvm20 libprotobuf32t64 libprotoc32t64 lld-20 lldb-20
2025-07-09T15:56:01.3289605Z   llvm-20 llvm-20-dev llvm-20-linker-tools llvm-20-runtime llvm-20-tools
2025-07-09T15:56:01.3291650Z   python3-lldb-20
2025-07-09T15:56:01.3297814Z The following packages will be upgraded:
2025-07-09T15:56:01.3302191Z   libprotobuf-lite32t64
2025-07-09T15:56:01.3532033Z 1 upgraded, 23 newly installed, 2 to remove and 55 not upgraded.
2025-07-09T15:56:01.3532601Z Need to get 159 MB of archives.
2025-07-09T15:56:01.3532942Z After this operation, 908 MB of additional disk space will be used.
2025-07-09T15:56:01.3533356Z Get:1 file:/etc/apt/apt-mirrors.txt Mirrorlist [144 B]
2025-07-09T15:56:01.4009284Z Get:2 http://azure.archive.ubuntu.com/ubuntu noble-updates/main amd64 libabsl20220623t64 amd64 20220623.1-3.1ubuntu3.2 [423 kB]
2025-07-09T15:56:01.4195353Z Get:9 https://apt.llvm.org/noble llvm-toolchain-noble-20/main amd64 libllvm20 amd64 1:20.1.7~++20250612073421+199e02a36433-1~exp1~20250612193439.130 [30.6 MB]
2025-07-09T15:56:01.4671980Z Get:3 http://azure.archive.ubuntu.com/ubuntu noble-security/main amd64 libprotobuf32t64 amd64 3.21.12-8.2ubuntu0.2 [923 kB]
2025-07-09T15:56:01.5410750Z Get:4 http://azure.archive.ubuntu.com/ubuntu noble-security/main amd64 libprotoc32t64 amd64 3.21.12-8.2ubuntu0.2 [683 kB]
2025-07-09T15:56:01.6102788Z Get:5 http://azure.archive.ubuntu.com/ubuntu noble/universe amd64 libgrpc29t64 amd64 1.51.1-4.1build5 [2768 kB]
2025-07-09T15:56:01.6984426Z Get:10 https://apt.llvm.org/noble llvm-toolchain-noble-20/main amd64 libclang-cpp20 amd64 1:20.1.7~++20250612073421+199e02a36433-1~exp1~20250612193439.130 [14.3 MB]
2025-07-09T15:56:01.7521303Z Get:6 http://azure.archive.ubuntu.com/ubuntu noble/universe amd64 libgrpc++1.51t64 amd64 1.51.1-4.1build5 [481 kB]
2025-07-09T15:56:01.8109856Z Get:11 https://apt.llvm.org/noble llvm-toolchain-noble-20/main amd64 libclang-common-20-dev amd64 1:20.1.7~++20250612073421+199e02a36433-1~exp1~20250612193439.130 [780 kB]
2025-07-09T15:56:01.8185516Z Get:7 http://azure.archive.ubuntu.com/ubuntu noble/main amd64 libipt2 amd64 2.0.6-1build1 [45.7 kB]
2025-07-09T15:56:01.8209595Z Get:12 https://apt.llvm.org/noble llvm-toolchain-noble-20/main amd64 llvm-20-linker-tools amd64 1:20.1.7~++20250612073421+199e02a36433-1~exp1~20250612193439.130 [1382 kB]
2025-07-09T15:56:01.8376328Z Get:13 https://apt.llvm.org/noble llvm-toolchain-noble-20/main amd64 libclang1-20 amd64 1:20.1.7~++20250612073421+199e02a36433-1~exp1~20250612193439.130 [8306 kB]
2025-07-09T15:56:01.8540456Z Get:8 http://azure.archive.ubuntu.com/ubuntu noble-security/main amd64 libprotobuf-lite32t64 amd64 3.21.12-8.2ubuntu0.2 [238 kB]
2025-07-09T15:56:01.8974247Z Get:14 https://apt.llvm.org/noble llvm-toolchain-noble-20/main amd64 clang-20 amd64 1:20.1.7~++20250612073421+199e02a36433-1~exp1~20250612193439.130 [120 kB]
2025-07-09T15:56:01.9018829Z Get:15 https://apt.llvm.org/noble llvm-toolchain-noble-20/main amd64 clang-tools-20 amd64 1:20.1.7~++20250612073421+199e02a36433-1~exp1~20250612193439.130 [9632 kB]
2025-07-09T15:56:01.9740714Z Get:16 https://apt.llvm.org/noble llvm-toolchain-noble-20/main amd64 clangd-20 amd64 1:20.1.7~++20250612073421+199e02a36433-1~exp1~20250612193439.130 [3590 kB]
2025-07-09T15:56:02.0024052Z Get:17 https://apt.llvm.org/noble llvm-toolchain-noble-20/main amd64 libclang-rt-20-dev amd64 1:20.1.7~++20250612073421+199e02a36433-1~exp1~20250612193439.130 [4739 kB]
2025-07-09T15:56:02.0370133Z Get:18 https://apt.llvm.org/noble llvm-toolchain-noble-20/main amd64 liblldb-20 amd64 1:20.1.7~++20250612073421+199e02a36433-1~exp1~20250612193439.130 [4624 kB]
2025-07-09T15:56:02.0720226Z Get:19 https://apt.llvm.org/noble llvm-toolchain-noble-20/main amd64 lld-20 amd64 1:20.1.7~++20250612073421+199e02a36433-1~exp1~20250612193439.130 [1534 kB]
2025-07-09T15:56:02.0891429Z Get:20 https://apt.llvm.org/noble llvm-toolchain-noble-20/main amd64 python3-lldb-20 amd64 1:20.1.7~++20250612073421+199e02a36433-1~exp1~20250612193439.130 [165 kB]
2025-07-09T15:56:02.0944806Z Get:21 https://apt.llvm.org/noble llvm-toolchain-noble-20/main amd64 lldb-20 amd64 1:20.1.7~++20250612073421+199e02a36433-1~exp1~20250612193439.130 [1390 kB]
2025-07-09T15:56:02.1082217Z Get:22 https://apt.llvm.org/noble llvm-toolchain-noble-20/main amd64 llvm-20-runtime amd64 1:20.1.7~++20250612073421+199e02a36433-1~exp1~20250612193439.130 [601 kB]
2025-07-09T15:56:02.1162223Z Get:23 https://apt.llvm.org/noble llvm-toolchain-noble-20/main amd64 llvm-20 amd64 1:20.1.7~++20250612073421+199e02a36433-1~exp1~20250612193439.130 [19.8 MB]
2025-07-09T15:56:02.2527241Z Get:24 https://apt.llvm.org/noble llvm-toolchain-noble-20/main amd64 llvm-20-tools amd64 1:20.1.7~++20250612073421+199e02a36433-1~exp1~20250612193439.130 [558 kB]
2025-07-09T15:56:02.2602439Z Get:25 https://apt.llvm.org/noble llvm-toolchain-noble-20/main amd64 llvm-20-dev amd64 1:20.1.7~++20250612073421+199e02a36433-1~exp1~20250612193439.130 [51.0 MB]
2025-07-09T15:56:02.9508915Z Fetched 159 MB in 1s (126 MB/s)
2025-07-09T15:56:02.9692960Z (Reading database ... 
2025-07-09T15:56:02.9693395Z (Reading database ... 5%
2025-07-09T15:56:02.9693821Z (Reading database ... 10%
2025-07-09T15:56:02.9694193Z (Reading database ... 15%
2025-07-09T15:56:02.9694586Z (Reading database ... 20%
2025-07-09T15:56:02.9694971Z (Reading database ... 25%
2025-07-09T15:56:02.9695366Z (Reading database ... 30%
2025-07-09T15:56:02.9695838Z (Reading database ... 35%
2025-07-09T15:56:02.9696245Z (Reading database ... 40%
2025-07-09T15:56:02.9696687Z (Reading database ... 45%
2025-07-09T15:56:02.9697161Z (Reading database ... 50%
2025-07-09T15:56:02.9716591Z (Reading database ... 55%
2025-07-09T15:56:02.9761722Z (Reading database ... 60%
2025-07-09T15:56:02.9780079Z (Reading database ... 65%
2025-07-09T15:56:02.9809240Z (Reading database ... 70%
2025-07-09T15:56:02.9833514Z (Reading database ... 75%
2025-07-09T15:56:03.0066314Z (Reading database ... 80%
2025-07-09T15:56:03.0127755Z (Reading database ... 85%
2025-07-09T15:56:03.0355224Z (Reading database ... 90%
2025-07-09T15:56:03.0442974Z (Reading database ... 95%
2025-07-09T15:56:03.0443529Z (Reading database ... 100%
2025-07-09T15:56:03.0444277Z (Reading database ... 219393 files and directories currently installed.)
2025-07-09T15:56:03.0486506Z Removing lldb-18 (1:18.1.3-1ubuntu1) ...
2025-07-09T15:56:03.0898083Z Removing python3-lldb-18 (1:18.1.3-1ubuntu1) ...
2025-07-09T15:56:03.1873002Z Selecting previously unselected package libllvm20:amd64.
2025-07-09T15:56:03.1927126Z (Reading database ... 
2025-07-09T15:56:03.1927617Z (Reading database ... 5%
2025-07-09T15:56:03.1928630Z (Reading database ... 10%
2025-07-09T15:56:03.1929801Z (Reading database ... 15%
2025-07-09T15:56:03.1930278Z (Reading database ... 20%
2025-07-09T15:56:03.1930721Z (Reading database ... 25%
2025-07-09T15:56:03.1931199Z (Reading database ... 30%
2025-07-09T15:56:03.1931618Z (Reading database ... 35%
2025-07-09T15:56:03.1932060Z (Reading database ... 40%
2025-07-09T15:56:03.1932494Z (Reading database ... 45%
2025-07-09T15:56:03.1932935Z (Reading database ... 50%
2025-07-09T15:56:03.1948645Z (Reading database ... 55%
2025-07-09T15:56:03.1988783Z (Reading database ... 60%
2025-07-09T15:56:03.2005264Z (Reading database ... 65%
2025-07-09T15:56:03.2031036Z (Reading database ... 70%
2025-07-09T15:56:03.2052701Z (Reading database ... 75%
2025-07-09T15:56:03.2272377Z (Reading database ... 80%
2025-07-09T15:56:03.2330554Z (Reading database ... 85%
2025-07-09T15:56:03.2602074Z (Reading database ... 90%
2025-07-09T15:56:03.2716611Z (Reading database ... 95%
2025-07-09T15:56:03.2717266Z (Reading database ... 100%
2025-07-09T15:56:03.2718030Z (Reading database ... 219341 files and directories currently installed.)
2025-07-09T15:56:03.2765869Z Preparing to unpack .../00-libllvm20_1%3a20.1.7~++20250612073421+199e02a36433-1~exp1~20250612193439.130_amd64.deb ...
2025-07-09T15:56:03.2788920Z Unpacking libllvm20:amd64 (1:20.1.7~++20250612073421+199e02a36433-1~exp1~20250612193439.130) ...
2025-07-09T15:56:03.9155141Z Selecting previously unselected package libclang-cpp20.
2025-07-09T15:56:03.9295052Z Preparing to unpack .../01-libclang-cpp20_1%3a20.1.7~++20250612073421+199e02a36433-1~exp1~20250612193439.130_amd64.deb ...
2025-07-09T15:56:03.9304213Z Unpacking libclang-cpp20 (1:20.1.7~++20250612073421+199e02a36433-1~exp1~20250612193439.130) ...
2025-07-09T15:56:04.2282696Z Selecting previously unselected package libclang-common-20-dev:amd64.
2025-07-09T15:56:04.2421280Z Preparing to unpack .../02-libclang-common-20-dev_1%3a20.1.7~++20250612073421+199e02a36433-1~exp1~20250612193439.130_amd64.deb ...
2025-07-09T15:56:04.2431439Z Unpacking libclang-common-20-dev:amd64 (1:20.1.7~++20250612073421+199e02a36433-1~exp1~20250612193439.130) ...
2025-07-09T15:56:04.3724275Z Selecting previously unselected package llvm-20-linker-tools.
2025-07-09T15:56:04.3863894Z Preparing to unpack .../03-llvm-20-linker-tools_1%3a20.1.7~++20250612073421+199e02a36433-1~exp1~20250612193439.130_amd64.deb ...
2025-07-09T15:56:04.3872848Z Unpacking llvm-20-linker-tools (1:20.1.7~++20250612073421+199e02a36433-1~exp1~20250612193439.130) ...
2025-07-09T15:56:04.4317408Z Selecting previously unselected package libclang1-20.
2025-07-09T15:56:04.4456496Z Preparing to unpack .../04-libclang1-20_1%3a20.1.7~++20250612073421+199e02a36433-1~exp1~20250612193439.130_amd64.deb ...
2025-07-09T15:56:04.4466642Z Unpacking libclang1-20 (1:20.1.7~++20250612073421+199e02a36433-1~exp1~20250612193439.130) ...
2025-07-09T15:56:04.6274607Z Selecting previously unselected package clang-20.
2025-07-09T15:56:04.6423767Z Preparing to unpack .../05-clang-20_1%3a20.1.7~++20250612073421+199e02a36433-1~exp1~20250612193439.130_amd64.deb ...
2025-07-09T15:56:04.6433481Z Unpacking clang-20 (1:20.1.7~++20250612073421+199e02a36433-1~exp1~20250612193439.130) ...
2025-07-09T15:56:04.6717408Z Selecting previously unselected package clang-tools-20.
2025-07-09T15:56:04.6861130Z Preparing to unpack .../06-clang-tools-20_1%3a20.1.7~++20250612073421+199e02a36433-1~exp1~20250612193439.130_amd64.deb ...
2025-07-09T15:56:04.6869840Z Unpacking clang-tools-20 (1:20.1.7~++20250612073421+199e02a36433-1~exp1~20250612193439.130) ...
2025-07-09T15:56:04.8782437Z Selecting previously unselected package libabsl20220623t64:amd64.
2025-07-09T15:56:04.8926462Z Preparing to unpack .../07-libabsl20220623t64_20220623.1-3.1ubuntu3.2_amd64.deb ...
2025-07-09T15:56:04.8938186Z Unpacking libabsl20220623t64:amd64 (20220623.1-3.1ubuntu3.2) ...
2025-07-09T15:56:04.9394755Z Selecting previously unselected package libprotobuf32t64:amd64.
2025-07-09T15:56:04.9538832Z Preparing to unpack .../08-libprotobuf32t64_3.21.12-8.2ubuntu0.2_amd64.deb ...
2025-07-09T15:56:04.9549285Z Unpacking libprotobuf32t64:amd64 (3.21.12-8.2ubuntu0.2) ...
2025-07-09T15:56:04.9933983Z Selecting previously unselected package libprotoc32t64:amd64.
2025-07-09T15:56:05.0086346Z Preparing to unpack .../09-libprotoc32t64_3.21.12-8.2ubuntu0.2_amd64.deb ...
2025-07-09T15:56:05.0095561Z Unpacking libprotoc32t64:amd64 (3.21.12-8.2ubuntu0.2) ...
2025-07-09T15:56:05.0430967Z Selecting previously unselected package libgrpc29t64:amd64.
2025-07-09T15:56:05.0575040Z Preparing to unpack .../10-libgrpc29t64_1.51.1-4.1build5_amd64.deb ...
2025-07-09T15:56:05.0585979Z Unpacking libgrpc29t64:amd64 (1.51.1-4.1build5) ...
2025-07-09T15:56:05.1241445Z Selecting previously unselected package libgrpc++1.51t64:amd64.
2025-07-09T15:56:05.1378245Z Preparing to unpack .../11-libgrpc++1.51t64_1.51.1-4.1build5_amd64.deb ...
2025-07-09T15:56:05.1387648Z Unpacking libgrpc++1.51t64:amd64 (1.51.1-4.1build5) ...
2025-07-09T15:56:05.1691886Z Selecting previously unselected package clangd-20.
2025-07-09T15:56:05.1830760Z Preparing to unpack .../12-clangd-20_1%3a20.1.7~++20250612073421+199e02a36433-1~exp1~20250612193439.130_amd64.deb ...
2025-07-09T15:56:05.1840820Z Unpacking clangd-20 (1:20.1.7~++20250612073421+199e02a36433-1~exp1~20250612193439.130) ...
2025-07-09T15:56:05.2782867Z Selecting previously unselected package libclang-rt-20-dev.
2025-07-09T15:56:05.2923966Z Preparing to unpack .../13-libclang-rt-20-dev_1%3a20.1.7~++20250612073421+199e02a36433-1~exp1~20250612193439.130_amd64.deb ...
2025-07-09T15:56:05.2933267Z Unpacking libclang-rt-20-dev (1:20.1.7~++20250612073421+199e02a36433-1~exp1~20250612193439.130) ...
2025-07-09T15:56:05.4884620Z Selecting previously unselected package libipt2.
2025-07-09T15:56:05.5027090Z Preparing to unpack .../14-libipt2_2.0.6-1build1_amd64.deb ...
2025-07-09T15:56:05.5041344Z Unpacking libipt2 (2.0.6-1build1) ...
2025-07-09T15:56:05.5282477Z Selecting previously unselected package liblldb-20.
2025-07-09T15:56:05.5420569Z Preparing to unpack .../15-liblldb-20_1%3a20.1.7~++20250612073421+199e02a36433-1~exp1~20250612193439.130_amd64.deb ...
2025-07-09T15:56:05.5450572Z Unpacking liblldb-20 (1:20.1.7~++20250612073421+199e02a36433-1~exp1~20250612193439.130) ...
2025-07-09T15:56:05.6582219Z Preparing to unpack .../16-libprotobuf-lite32t64_3.21.12-8.2ubuntu0.2_amd64.deb ...
2025-07-09T15:56:05.6657482Z Unpacking libprotobuf-lite32t64:amd64 (3.21.12-8.2ubuntu0.2) over (3.21.12-8.2ubuntu0.1) ...
2025-07-09T15:56:05.7178560Z Selecting previously unselected package lld-20.
2025-07-09T15:56:05.7317119Z Preparing to unpack .../17-lld-20_1%3a20.1.7~++20250612073421+199e02a36433-1~exp1~20250612193439.130_amd64.deb ...
2025-07-09T15:56:05.7325351Z Unpacking lld-20 (1:20.1.7~++20250612073421+199e02a36433-1~exp1~20250612193439.130) ...
2025-07-09T15:56:05.7830695Z Selecting previously unselected package python3-lldb-20.
2025-07-09T15:56:05.7971059Z Preparing to unpack .../18-python3-lldb-20_1%3a20.1.7~++20250612073421+199e02a36433-1~exp1~20250612193439.130_amd64.deb ...
2025-07-09T15:56:05.7983054Z Unpacking python3-lldb-20 (1:20.1.7~++20250612073421+199e02a36433-1~exp1~20250612193439.130) ...
2025-07-09T15:56:05.8290112Z Selecting previously unselected package lldb-20.
2025-07-09T15:56:05.8427779Z Preparing to unpack .../19-lldb-20_1%3a20.1.7~++20250612073421+199e02a36433-1~exp1~20250612193439.130_amd64.deb ...
2025-07-09T15:56:05.8438388Z Unpacking lldb-20 (1:20.1.7~++20250612073421+199e02a36433-1~exp1~20250612193439.130) ...
2025-07-09T15:56:05.8874331Z Selecting previously unselected package llvm-20-runtime.
2025-07-09T15:56:05.9012962Z Preparing to unpack .../20-llvm-20-runtime_1%3a20.1.7~++20250612073421+199e02a36433-1~exp1~20250612193439.130_amd64.deb ...
2025-07-09T15:56:05.9022663Z Unpacking llvm-20-runtime (1:20.1.7~++20250612073421+199e02a36433-1~exp1~20250612193439.130) ...
2025-07-09T15:56:05.9345521Z Selecting previously unselected package llvm-20.
2025-07-09T15:56:05.9482927Z Preparing to unpack .../21-llvm-20_1%3a20.1.7~++20250612073421+199e02a36433-1~exp1~20250612193439.130_amd64.deb ...
2025-07-09T15:56:05.9494044Z Unpacking llvm-20 (1:20.1.7~++20250612073421+199e02a36433-1~exp1~20250612193439.130) ...
2025-07-09T15:56:06.3142179Z Selecting previously unselected package llvm-20-tools.
2025-07-09T15:56:06.3283083Z Preparing to unpack .../22-llvm-20-tools_1%3a20.1.7~++20250612073421+199e02a36433-1~exp1~20250612193439.130_amd64.deb ...
2025-07-09T15:56:06.3295373Z Unpacking llvm-20-tools (1:20.1.7~++20250612073421+199e02a36433-1~exp1~20250612193439.130) ...
2025-07-09T15:56:06.4613932Z Selecting previously unselected package llvm-20-dev.
2025-07-09T15:56:06.4756241Z Preparing to unpack .../23-llvm-20-dev_1%3a20.1.7~++20250612073421+199e02a36433-1~exp1~20250612193439.130_amd64.deb ...
2025-07-09T15:56:06.4766851Z Unpacking llvm-20-dev (1:20.1.7~++20250612073421+199e02a36433-1~exp1~20250612193439.130) ...
2025-07-09T15:56:08.1131714Z Setting up libprotobuf-lite32t64:amd64 (3.21.12-8.2ubuntu0.2) ...
2025-07-09T15:56:08.1155979Z Setting up libprotobuf32t64:amd64 (3.21.12-8.2ubuntu0.2) ...
2025-07-09T15:56:08.1183710Z Setting up libclang-common-20-dev:amd64 (1:20.1.7~++20250612073421+199e02a36433-1~exp1~20250612193439.130) ...
2025-07-09T15:56:08.1207735Z Setting up libclang-rt-20-dev (1:20.1.7~++20250612073421+199e02a36433-1~exp1~20250612193439.130) ...
2025-07-09T15:56:08.1232602Z Setting up libllvm20:amd64 (1:20.1.7~++20250612073421+199e02a36433-1~exp1~20250612193439.130) ...
2025-07-09T15:56:08.1258245Z Setting up libipt2 (2.0.6-1build1) ...
2025-07-09T15:56:08.1282651Z Setting up libabsl20220623t64:amd64 (20220623.1-3.1ubuntu3.2) ...
2025-07-09T15:56:08.1308107Z Setting up libprotoc32t64:amd64 (3.21.12-8.2ubuntu0.2) ...
2025-07-09T15:56:08.1333656Z Setting up libclang1-20 (1:20.1.7~++20250612073421+199e02a36433-1~exp1~20250612193439.130) ...
2025-07-09T15:56:08.1360348Z Setting up llvm-20-runtime (1:20.1.7~++20250612073421+199e02a36433-1~exp1~20250612193439.130) ...
2025-07-09T15:56:08.1396024Z Setting up lld-20 (1:20.1.7~++20250612073421+199e02a36433-1~exp1~20250612193439.130) ...
2025-07-09T15:56:08.1421925Z Setting up llvm-20-linker-tools (1:20.1.7~++20250612073421+199e02a36433-1~exp1~20250612193439.130) ...
2025-07-09T15:56:08.1446754Z Setting up llvm-20-tools (1:20.1.7~++20250612073421+199e02a36433-1~exp1~20250612193439.130) ...
2025-07-09T15:56:08.1470947Z Setting up libclang-cpp20 (1:20.1.7~++20250612073421+199e02a36433-1~exp1~20250612193439.130) ...
2025-07-09T15:56:08.1497269Z Setting up libgrpc29t64:amd64 (1.51.1-4.1build5) ...
2025-07-09T15:56:08.1529675Z Setting up llvm-20 (1:20.1.7~++20250612073421+199e02a36433-1~exp1~20250612193439.130) ...
2025-07-09T15:56:08.1557045Z Setting up llvm-20-dev (1:20.1.7~++20250612073421+199e02a36433-1~exp1~20250612193439.130) ...
2025-07-09T15:56:08.1581452Z Setting up liblldb-20 (1:20.1.7~++20250612073421+199e02a36433-1~exp1~20250612193439.130) ...
2025-07-09T15:56:08.1607649Z Setting up clang-20 (1:20.1.7~++20250612073421+199e02a36433-1~exp1~20250612193439.130) ...
2025-07-09T15:56:08.1634109Z Setting up python3-lldb-20 (1:20.1.7~++20250612073421+199e02a36433-1~exp1~20250612193439.130) ...
2025-07-09T15:56:08.1661138Z Setting up clang-tools-20 (1:20.1.7~++20250612073421+199e02a36433-1~exp1~20250612193439.130) ...
2025-07-09T15:56:08.1688411Z Setting up libgrpc++1.51t64:amd64 (1.51.1-4.1build5) ...
2025-07-09T15:56:08.1713518Z Setting up clangd-20 (1:20.1.7~++20250612073421+199e02a36433-1~exp1~20250612193439.130) ...
2025-07-09T15:56:08.1737654Z Setting up lldb-20 (1:20.1.7~++20250612073421+199e02a36433-1~exp1~20250612193439.130) ...
2025-07-09T15:56:08.1982255Z Processing triggers for systemd (255.4-1ubuntu8.8) ...
2025-07-09T15:56:08.2501716Z Processing triggers for man-db (2.12.0-4build2) ...
2025-07-09T15:56:12.1547587Z Processing triggers for libc-bin (2.39-0ubuntu8.4) ...
2025-07-09T15:56:19.2484085Z 
2025-07-09T15:56:19.2484508Z Running kernel seems to be up-to-date.
2025-07-09T15:56:19.2484945Z 
2025-07-09T15:56:19.2485134Z No services need to be restarted.
2025-07-09T15:56:19.2485478Z 
2025-07-09T15:56:19.2486108Z No containers need to be restarted.
2025-07-09T15:56:19.2486489Z 
2025-07-09T15:56:19.2486720Z No user sessions are running outdated binaries.
2025-07-09T15:56:19.2487148Z 
2025-07-09T15:56:19.2487554Z No VM guests are running outdated hypervisor (qemu) binaries on this host.
2025-07-09T15:56:20.2469642Z Reading package lists...
2025-07-09T15:56:20.4496726Z Building dependency tree...
2025-07-09T15:56:20.4505183Z Reading state information...
2025-07-09T15:56:20.6102534Z clang-20 is already the newest version (1:20.1.7~++20250612073421+199e02a36433-1~exp1~20250612193439.130).
2025-07-09T15:56:20.6103250Z Suggested packages:
2025-07-09T15:56:20.6103578Z   cppcheck-gui clang clang-tidy
2025-07-09T15:56:20.6299133Z The following NEW packages will be installed:
2025-07-09T15:56:20.6311713Z   clang-tidy-20 cppcheck libsodium-dev
2025-07-09T15:56:20.6656934Z 0 upgraded, 3 newly installed, 0 to remove and 55 not upgraded.
2025-07-09T15:56:20.6657551Z Need to get 4434 kB of archives.
2025-07-09T15:56:20.6658123Z After this operation, 22.3 MB of additional disk space will be used.
2025-07-09T15:56:20.6658732Z Get:2 file:/etc/apt/apt-mirrors.txt Mirrorlist [144 B]
2025-07-09T15:56:20.6919806Z Get:1 https://apt.llvm.org/noble llvm-toolchain-noble-20/main amd64 clang-tidy-20 amd64 1:20.1.7~++20250612073421+199e02a36433-1~exp1~20250612193439.130 [2113 kB]
2025-07-09T15:56:20.7152956Z Get:3 http://azure.archive.ubuntu.com/ubuntu noble/universe amd64 cppcheck amd64 2.13.0-2ubuntu3 [2136 kB]
2025-07-09T15:56:21.0979167Z Get:4 http://azure.archive.ubuntu.com/ubuntu noble/main amd64 libsodium-dev amd64 1.0.18-1build3 [185 kB]
2025-07-09T15:56:21.4016682Z Fetched 4434 kB in 0s (9096 kB/s)
2025-07-09T15:56:21.4202777Z Selecting previously unselected package clang-tidy-20.
2025-07-09T15:56:21.4257636Z (Reading database ... 
2025-07-09T15:56:21.4258065Z (Reading database ... 5%
2025-07-09T15:56:21.4258445Z (Reading database ... 10%
2025-07-09T15:56:21.4259234Z (Reading database ... 15%
2025-07-09T15:56:21.4259655Z (Reading database ... 20%
2025-07-09T15:56:21.4260016Z (Reading database ... 25%
2025-07-09T15:56:21.4260379Z (Reading database ... 30%
2025-07-09T15:56:21.4260729Z (Reading database ... 35%
2025-07-09T15:56:21.4261091Z (Reading database ... 40%
2025-07-09T15:56:21.4261476Z (Reading database ... 45%
2025-07-09T15:56:21.4261828Z (Reading database ... 50%
2025-07-09T15:56:21.4279785Z (Reading database ... 55%
2025-07-09T15:56:21.4319311Z (Reading database ... 60%
2025-07-09T15:56:21.4336694Z (Reading database ... 65%
2025-07-09T15:56:21.4362372Z (Reading database ... 70%
2025-07-09T15:56:21.4385755Z (Reading database ... 75%
2025-07-09T15:56:21.4614852Z (Reading database ... 80%
2025-07-09T15:56:21.4682684Z (Reading database ... 85%
2025-07-09T15:56:21.4919237Z (Reading database ... 90%
2025-07-09T15:56:21.5009270Z (Reading database ... 95%
2025-07-09T15:56:21.5009669Z (Reading database ... 100%
2025-07-09T15:56:21.5010197Z (Reading database ... 223692 files and directories currently installed.)
2025-07-09T15:56:21.5055857Z Preparing to unpack .../clang-tidy-20_1%3a20.1.7~++20250612073421+199e02a36433-1~exp1~20250612193439.130_amd64.deb ...
2025-07-09T15:56:21.5067194Z Unpacking clang-tidy-20 (1:20.1.7~++20250612073421+199e02a36433-1~exp1~20250612193439.130) ...
2025-07-09T15:56:21.5807627Z Selecting previously unselected package cppcheck.
2025-07-09T15:56:21.5954164Z Preparing to unpack .../cppcheck_2.13.0-2ubuntu3_amd64.deb ...
2025-07-09T15:56:21.5965422Z Unpacking cppcheck (2.13.0-2ubuntu3) ...
2025-07-09T15:56:21.6660225Z Selecting previously unselected package libsodium-dev:amd64.
2025-07-09T15:56:21.6799771Z Preparing to unpack .../libsodium-dev_1.0.18-1build3_amd64.deb ...
2025-07-09T15:56:21.6810114Z Unpacking libsodium-dev:amd64 (1.0.18-1build3) ...
2025-07-09T15:56:21.7377082Z Setting up clang-tidy-20 (1:20.1.7~++20250612073421+199e02a36433-1~exp1~20250612193439.130) ...
2025-07-09T15:56:21.7413725Z Setting up libsodium-dev:amd64 (1.0.18-1build3) ...
2025-07-09T15:56:21.7450960Z Setting up cppcheck (2.13.0-2ubuntu3) ...
2025-07-09T15:56:21.7483331Z Processing triggers for man-db (2.12.0-4build2) ...
2025-07-09T15:56:26.2914029Z 
2025-07-09T15:56:26.2914517Z Running kernel seems to be up-to-date.
2025-07-09T15:56:26.2914820Z 
2025-07-09T15:56:26.2914976Z No services need to be restarted.
2025-07-09T15:56:26.2915196Z 
2025-07-09T15:56:26.2915326Z No containers need to be restarted.
2025-07-09T15:56:26.2915548Z 
2025-07-09T15:56:26.2915694Z No user sessions are running outdated binaries.
2025-07-09T15:56:26.2915956Z 
2025-07-09T15:56:26.2916206Z No VM guests are running outdated hypervisor (qemu) binaries on this host.
2025-07-09T15:56:29.4225879Z Defaulting to user installation because normal site-packages is not writeable
2025-07-09T15:56:31.0129766Z Collecting meson
2025-07-09T15:56:31.0999445Z   Downloading meson-1.8.2-py3-none-any.whl.metadata (1.8 kB)
2025-07-09T15:56:31.1378240Z Collecting ninja
2025-07-09T15:56:31.1574276Z   Downloading ninja-1.11.1.4-py3-none-manylinux_2_12_x86_64.manylinux2010_x86_64.whl.metadata (5.0 kB)
2025-07-09T15:56:31.1842168Z Downloading meson-1.8.2-py3-none-any.whl (1.0 MB)
2025-07-09T15:56:31.2696869Z    ━━━━━━━━━━━━━━━━━━━━━━━━━━━━━━━━━━━━━━━━ 1.0/1.0 MB 12.6 MB/s eta 0:00:00
2025-07-09T15:56:31.2900493Z Downloading ninja-1.11.1.4-py3-none-manylinux_2_12_x86_64.manylinux2010_x86_64.whl (422 kB)
2025-07-09T15:56:31.2985070Z    ━━━━━━━━━━━━━━━━━━━━━━━━━━━━━━━━━━━━━━━━ 422.8/422.8 kB 70.7 MB/s eta 0:00:00
2025-07-09T15:56:31.5513752Z Installing collected packages: ninja, meson
2025-07-09T15:56:32.3923142Z Successfully installed meson-1.8.2 ninja-1.11.1.4
2025-07-09T15:56:32.4643995Z ##[group]Run CC=clang meson setup build
2025-07-09T15:56:32.4644353Z [36;1mCC=clang meson setup build[0m
2025-07-09T15:56:32.4644603Z [36;1mninja -C build[0m
2025-07-09T15:56:32.4644830Z [36;1mcp build/compile_commands.json .[0m
2025-07-09T15:56:32.4716660Z shell: /usr/bin/bash -e {0}
2025-07-09T15:56:32.4716953Z ##[endgroup]
2025-07-09T15:56:33.6671813Z The Meson build system
2025-07-09T15:56:33.6672255Z Version: 1.8.2
2025-07-09T15:56:33.6672601Z Source dir: /home/runner/work/git-mind/git-mind
2025-07-09T15:56:33.6673084Z Build dir: /home/runner/work/git-mind/git-mind/build
2025-07-09T15:56:33.6673533Z Build type: native build
2025-07-09T15:56:33.6673918Z Project name: git-mind
2025-07-09T15:56:33.6674248Z Project version: 0.0.1
2025-07-09T15:56:33.6674986Z C compiler for the host machine: clang (clang 20.1.7 "Ubuntu clang version 20.1.7 (++20250612073421+199e02a36433-1~exp1~20250612193439.130)")
2025-07-09T15:56:33.6675878Z C linker for the host machine: clang ld.bfd 2.42
2025-07-09T15:56:33.6676301Z Host machine cpu family: x86_64
2025-07-09T15:56:33.6676653Z Host machine cpu: x86_64
2025-07-09T15:56:33.6677361Z meson.build:7: WARNING: Consider using the built-in option for language standard version instead of using "-std=c2x".
2025-07-09T15:56:33.6678340Z meson.build:7: WARNING: Consider using the built-in warning_level option instead of using "-Wall".
2025-07-09T15:56:33.6679524Z meson.build:7: WARNING: Consider using the built-in warning_level option instead of using "-Wextra".
2025-07-09T15:56:33.6680396Z meson.build:7: WARNING: Consider using the built-in werror option instead of using "-Werror".
2025-07-09T15:56:33.6681260Z meson.build:7: WARNING: Consider using the built-in optimization level instead of using "-O2".
2025-07-09T15:56:33.6682278Z Found pkg-config: YES (/usr/bin/pkg-config) 1.8.1
2025-07-09T15:56:33.6682750Z Run-time dependency libsodium found: YES 1.0.18
2025-07-09T15:56:33.6683185Z Run-time dependency threads found: YES
2025-07-09T15:56:33.6683595Z Build targets in project: 15
2025-07-09T15:56:33.6683831Z 
2025-07-09T15:56:33.6684128Z Found ninja-1.11.1.git.kitware.jobserver-1 at /home/runner/.local/bin/ninja
2025-07-09T15:56:33.7103967Z ninja: Entering directory `build'
2025-07-09T15:56:33.7815106Z [1/45] Compiling C object libgitmind.a.p/core_src_crypto_random.c.o
2025-07-09T15:56:33.8455198Z [2/45] Compiling C object libgitmind.a.p/core_src_crypto_backend.c.o
2025-07-09T15:56:33.8467627Z [3/45] Compiling C object libgitmind.a.p/core_src_crypto_sha256.c.o
2025-07-09T15:56:33.8576785Z [4/45] Compiling C object libgitmind.a.p/core_src_error_error.c.o
2025-07-09T15:56:33.8852164Z [5/45] Compiling C object libgitmind.a.p/core_src_cbor_cbor.c.o
2025-07-09T15:56:33.8888061Z [6/45] Compiling C object libgitmind.a.p/core_src_time_time.c.o
2025-07-09T15:56:33.9206165Z [7/45] Compiling C object libgitmind.a.p/core_src_types_string.c.o
2025-07-09T15:56:33.9417115Z [8/45] Compiling C object libgitmind.a.p/core_src_io_io.c.o
2025-07-09T15:56:33.9946162Z [9/45] Compiling C object libgitmind.a.p/core_src_types_string_utf8.c.o
2025-07-09T15:56:34.0264749Z [10/45] Compiling C object libgitmind.a.p/core_src_types_ulid.c.o
2025-07-09T15:56:34.0416231Z [11/45] Compiling C object libgitmind.a.p/core_src_types_string_core.c.o
2025-07-09T15:56:34.0743463Z [12/45] Compiling C object libgitmind.a.p/core_src_utf8_validate.c.o
2025-07-09T15:56:34.1026378Z [13/45] Compiling C object libgitmind.a.p/core_src_types_id.c.o
2025-07-09T15:56:34.1419401Z [14/45] Compiling C object libgitmind.a.p/core_src_edge_edge.c.o
2025-07-09T15:56:34.1635293Z [15/45] Compiling C object libgitmind_test_backend.a.p/core_tests_backends_test_backend.c.o
2025-07-09T15:56:34.2109330Z [16/45] Linking static target libgitmind_test_backend.a
2025-07-09T15:56:34.2256499Z [17/45] Compiling C object libgitmind.a.p/core_src_edge_attributed.c.o
2025-07-09T15:56:34.2728836Z [18/45] Compiling C object test_id.p/core_tests_unit_test_id.c.o
2025-07-09T15:56:34.2751668Z [19/45] Compiling C object test_error.p/core_tests_unit_test_error.c.o
2025-07-09T15:56:34.3758538Z [20/45] Compiling C object test_path.p/core_tests_unit_test_path.c.o
2025-07-09T15:56:34.3794859Z [21/45] Compiling C object test_sha256.p/core_tests_unit_test_sha256.c.o
2025-07-09T15:56:34.4777786Z [22/45] Compiling C object test_string.p/core_tests_unit_test_string.c.o
2025-07-09T15:56:34.4866838Z [23/45] Compiling C object test_id_thread_safety.p/core_tests_unit_test_id_thread_safety.c.o
2025-07-09T15:56:34.4933985Z [24/45] Compiling C object test_crypto_backend.p/core_tests_unit_test_crypto_backend.c.o
2025-07-09T15:56:34.5021687Z [25/45] Compiling C object test_random.p/core_tests_unit_test_random.c.o
2025-07-09T15:56:34.5039728Z [26/45] Compiling C object test_utf8.p/core_tests_unit_test_utf8.c.o
2025-07-09T15:56:34.5395813Z [27/45] Compiling C object libgitmind.a.p/core_src_types_path.c.o
2025-07-09T15:56:34.5652709Z [28/45] Linking static target libgitmind.a
2025-07-09T15:56:34.6468768Z [29/45] Compiling C object test_time.p/core_tests_unit_test_time.c.o
2025-07-09T15:56:34.6560330Z [30/45] Linking target test_error
2025-07-09T15:56:34.6640703Z [31/45] Linking target test_id
2025-07-09T15:56:34.6946271Z [32/45] Compiling C object test_io.p/core_tests_unit_test_io.c.o
2025-07-09T15:56:34.7297234Z [33/45] Compiling C object test_cbor.p/core_tests_unit_test_cbor.c.o
2025-07-09T15:56:34.7348594Z [34/45] Linking target test_path
2025-07-09T15:56:34.7363190Z [35/45] Compiling C object test_ulid.p/core_tests_unit_test_ulid.c.o
2025-07-09T15:56:34.7447760Z [36/45] Linking target test_id_thread_safety
2025-07-09T15:56:34.7643428Z [37/45] Linking target test_string
2025-07-09T15:56:34.7644904Z [38/45] Linking target test_sha256
2025-07-09T15:56:34.7957796Z [39/45] Linking target test_random
2025-07-09T15:56:34.8167935Z [40/45] Linking target test_io
2025-07-09T15:56:34.8283768Z [41/45] Linking target test_crypto_backend
2025-07-09T15:56:34.8313908Z [42/45] Linking target test_utf8
2025-07-09T15:56:34.8350153Z [43/45] Linking target test_ulid
2025-07-09T15:56:34.8461214Z [44/45] Linking target test_time
2025-07-09T15:56:34.8535353Z [45/45] Linking target test_cbor
2025-07-09T15:56:34.8590963Z ##[group]Run clang-tidy -quiet -p . --config-file=quality/.clang-tidy \
2025-07-09T15:56:34.8591535Z [36;1mclang-tidy -quiet -p . --config-file=quality/.clang-tidy \[0m
2025-07-09T15:56:34.8592019Z [36;1m  $(git ls-files 'core/**/*.c' 'core/**/*.h' | grep -v -E '(test_|_test\.|/tests/)') \[0m
2025-07-09T15:56:34.8592420Z [36;1m  | tee clang-tidy-report-full.txt || true[0m
2025-07-09T15:56:34.8592728Z [36;1m# Filter to just project warnings[0m
2025-07-09T15:56:34.8593147Z [36;1mgrep -E "^/.*core/|^core/" clang-tidy-report-full.txt > clang-tidy-report.txt || true[0m
2025-07-09T15:56:34.8661801Z shell: /usr/bin/bash -e {0}
2025-07-09T15:56:34.8662086Z ##[endgroup]
2025-07-09T15:56:34.9001891Z [1/40] Processing file /home/runner/work/git-mind/git-mind/core/include/gitmind/attribution.h.
2025-07-09T15:56:34.9383663Z 1063 warnings generated.
2025-07-09T15:56:34.9390002Z [2/40] Processing file /home/runner/work/git-mind/git-mind/core/include/gitmind/cbor/cbor.h.
2025-07-09T15:56:34.9780390Z 2160 warnings generated.
2025-07-09T15:56:34.9786579Z [3/40] Processing file /home/runner/work/git-mind/git-mind/core/include/gitmind/cbor/constants_cbor.h.
2025-07-09T15:56:34.9855062Z 2160 warnings generated.
2025-07-09T15:56:34.9858530Z [4/40] Processing file /home/runner/work/git-mind/git-mind/core/include/gitmind/constants.h.
2025-07-09T15:56:34.9919353Z 2160 warnings generated.
2025-07-09T15:56:34.9923579Z [5/40] Processing file /home/runner/work/git-mind/git-mind/core/include/gitmind/context.h.
2025-07-09T15:56:35.0354950Z 3441 warnings generated.
2025-07-09T15:56:35.0360678Z [6/40] Processing file /home/runner/work/git-mind/git-mind/core/include/gitmind/crypto/backend.h.
2025-07-09T15:56:35.0762517Z 4538 warnings generated.
2025-07-09T15:56:35.0769432Z [7/40] Processing file /home/runner/work/git-mind/git-mind/core/include/gitmind/crypto/random.h.
2025-07-09T15:56:35.1165514Z 5635 warnings generated.
2025-07-09T15:56:35.1173076Z [8/40] Processing file /home/runner/work/git-mind/git-mind/core/include/gitmind/crypto/sha256.h.
2025-07-09T15:56:35.1571999Z 6732 warnings generated.
2025-07-09T15:56:35.1580458Z [9/40] Processing file /home/runner/work/git-mind/git-mind/core/include/gitmind/edge.h.
2025-07-09T15:56:35.2163522Z 8176 warnings generated.
2025-07-09T15:56:35.2171367Z [10/40] Processing file /home/runner/work/git-mind/git-mind/core/include/gitmind/edge_attributed.h.
2025-07-09T15:56:35.2771445Z 9650 warnings generated.
2025-07-09T15:56:35.2777200Z [11/40] Processing file /home/runner/work/git-mind/git-mind/core/include/gitmind/error.h.
2025-07-09T15:56:35.3117054Z 10698 warnings generated.
2025-07-09T15:56:35.3122358Z [12/40] Processing file /home/runner/work/git-mind/git-mind/core/include/gitmind/io/io.h.
2025-07-09T15:56:35.3900119Z 13009 warnings generated.
2025-07-09T15:56:35.3908719Z [13/40] Processing file /home/runner/work/git-mind/git-mind/core/include/gitmind/portability/threads.h.
2025-07-09T15:56:35.4351438Z 14523 warnings generated.
2025-07-09T15:56:35.4355819Z [14/40] Processing file /home/runner/work/git-mind/git-mind/core/include/gitmind/result.h.
2025-07-09T15:56:35.4763025Z 15592 warnings generated.
2025-07-09T15:56:35.4769758Z [15/40] Processing file /home/runner/work/git-mind/git-mind/core/include/gitmind/security/memory.h.
2025-07-09T15:56:35.5121863Z 16444 warnings generated.
2025-07-09T15:56:35.5128276Z [16/40] Processing file /home/runner/work/git-mind/git-mind/core/include/gitmind/security/string.h.
2025-07-09T15:56:35.5746881Z 18178 warnings generated.
2025-07-09T15:56:35.5752252Z [17/40] Processing file /home/runner/work/git-mind/git-mind/core/include/gitmind/time/time.h.
2025-07-09T15:56:35.6293215Z 19832 warnings generated.
2025-07-09T15:56:35.6299557Z [18/40] Processing file /home/runner/work/git-mind/git-mind/core/include/gitmind/types.h.
2025-07-09T15:56:35.6874712Z 21278 warnings generated.
2025-07-09T15:56:35.6882043Z [19/40] Processing file /home/runner/work/git-mind/git-mind/core/include/gitmind/types/id.h.
2025-07-09T15:56:35.7332295Z 22375 warnings generated.
2025-07-09T15:56:35.7339214Z [20/40] Processing file /home/runner/work/git-mind/git-mind/core/include/gitmind/types/path.h.
2025-07-09T15:56:35.7868897Z 23733 warnings generated.
2025-07-09T15:56:35.7874519Z [21/40] Processing file /home/runner/work/git-mind/git-mind/core/include/gitmind/types/path_internal.h.
2025-07-09T15:56:35.8197702Z 24794 warnings generated.
2025-07-09T15:56:35.8201796Z [22/40] Processing file /home/runner/work/git-mind/git-mind/core/include/gitmind/types/string.h.
2025-07-09T15:56:35.8679938Z 26124 warnings generated.
2025-07-09T15:56:35.8684222Z [23/40] Processing file /home/runner/work/git-mind/git-mind/core/include/gitmind/types/ulid.h.
2025-07-09T15:56:35.9071583Z 27221 warnings generated.
2025-07-09T15:56:35.9075631Z [24/40] Processing file /home/runner/work/git-mind/git-mind/core/include/gitmind/utf8/validate.h.
2025-07-09T15:56:35.9408087Z 28290 warnings generated.
2025-07-09T15:56:35.9410706Z [25/40] Processing file /home/runner/work/git-mind/git-mind/core/src/cbor/cbor.c.
2025-07-09T15:56:36.0653666Z 29663 warnings generated.
2025-07-09T15:56:36.0680138Z [26/40] Processing file /home/runner/work/git-mind/git-mind/core/src/crypto/backend.c.
2025-07-09T15:56:36.1605092Z 32360 warnings generated.
2025-07-09T15:56:36.1608949Z [27/40] Processing file /home/runner/work/git-mind/git-mind/core/src/crypto/random.c.
2025-07-09T15:56:36.2112413Z 33556 warnings generated.
2025-07-09T15:56:36.2115748Z [28/40] Processing file /home/runner/work/git-mind/git-mind/core/src/crypto/sha256.c.
2025-07-09T15:56:36.3006498Z 35899 warnings generated.
2025-07-09T15:56:36.3011218Z [29/40] Processing file /home/runner/work/git-mind/git-mind/core/src/edge/attributed.c.
2025-07-09T15:56:36.5370074Z 41797 warnings generated.
2025-07-09T15:56:36.5374103Z [30/40] Processing file /home/runner/work/git-mind/git-mind/core/src/edge/edge.c.
2025-07-09T15:56:36.6443569Z 44277 warnings generated.
2025-07-09T15:56:36.6446123Z [31/40] Processing file /home/runner/work/git-mind/git-mind/core/src/error/error.c.
2025-07-09T15:56:39.1193879Z 46862 warnings generated.
2025-07-09T15:56:39.1196751Z [32/40] Processing file /home/runner/work/git-mind/git-mind/core/src/io/io.c.
2025-07-09T15:56:39.4023942Z 56027 warnings generated.
2025-07-09T15:56:39.4027465Z [33/40] Processing file /home/runner/work/git-mind/git-mind/core/src/time/time.c.
2025-07-09T15:56:39.4904310Z 58533 warnings generated.
2025-07-09T15:56:39.4907677Z [34/40] Processing file /home/runner/work/git-mind/git-mind/core/src/types/id.c.
2025-07-09T15:56:39.6461910Z 61615 warnings generated.
2025-07-09T15:56:39.6465632Z [35/40] Processing file /home/runner/work/git-mind/git-mind/core/src/types/path.c.
2025-07-09T15:56:42.0763314Z 63685 warnings generated.
2025-07-09T15:56:42.0766665Z [36/40] Processing file /home/runner/work/git-mind/git-mind/core/src/types/string.c.
2025-07-09T15:56:42.1304166Z 65015 warnings generated.
2025-07-09T15:56:42.1307089Z [37/40] Processing file /home/runner/work/git-mind/git-mind/core/src/types/string_core.c.
2025-07-09T15:56:43.3284086Z 67055 warnings generated.
2025-07-09T15:56:43.3288442Z [38/40] Processing file /home/runner/work/git-mind/git-mind/core/src/types/string_utf8.c.
2025-07-09T15:56:43.3818115Z 68456 warnings generated.
2025-07-09T15:56:43.3822032Z [39/40] Processing file /home/runner/work/git-mind/git-mind/core/src/types/ulid.c.
2025-07-09T15:56:43.4667698Z 70111 warnings generated.
2025-07-09T15:56:43.4670493Z [40/40] Processing file /home/runner/work/git-mind/git-mind/core/src/utf8/validate.c.
2025-07-09T15:56:43.5508774Z 71208 warnings generated.
2025-07-09T15:56:43.5518223Z ../core/src/edge/attributed.c:8:1: error: included header math.h is not used directly [misc-include-cleaner,-warnings-as-errors]
2025-07-09T15:56:43.5521649Z     8 | #include <math.h>
2025-07-09T15:56:43.5522070Z       | ^~~~~~~~~~~~~~~~~
2025-07-09T15:56:43.5522492Z     9 | #include <stdio.h>
2025-07-09T15:56:43.5523768Z ../core/src/edge/attributed.c:22:8: error: no header providing "uint64_t" is directly included [misc-include-cleaner,-warnings-as-errors]
2025-07-09T15:56:43.5524544Z     9 | #include <stdio.h>
2025-07-09T15:56:43.5524815Z    10 | #include <stdlib.h>
2025-07-09T15:56:43.5525090Z    11 | #include <string.h>
2025-07-09T15:56:43.5525354Z    12 | #include <time.h>
2025-07-09T15:56:43.5525606Z    13 | 
2025-07-09T15:56:43.5525892Z    14 | /* Result types are defined in edge_attributed.h */
2025-07-09T15:56:43.5526262Z    15 | 
2025-07-09T15:56:43.5526513Z    16 | /* Constants for confidence conversion */
2025-07-09T15:56:43.5526987Z    17 | #define CONFIDENCE_SCALE 0x3C00 /* 1.0 in IEEE-754 half-float */
2025-07-09T15:56:43.5527419Z    18 | 
2025-07-09T15:56:43.5527618Z    19 | /**
2025-07-09T15:56:43.5527870Z    20 |  * Get current timestamp in milliseconds
2025-07-09T15:56:43.5528201Z    21 |  */
2025-07-09T15:56:43.5528519Z    22 | static uint64_t get_timestamp_millis(gm_context_t *ctx) {
2025-07-09T15:56:43.5528919Z       |        ^
2025-07-09T15:56:43.5530215Z ../core/src/edge/attributed.c:24:54: error: no header providing "MILLIS_PER_SECOND" is directly included [misc-include-cleaner,-warnings-as-errors]
2025-07-09T15:56:43.5531746Z    24 |         return (uint64_t)ctx->time_ops->time(NULL) * MILLIS_PER_SECOND;
2025-07-09T15:56:43.5532540Z       |                                                      ^
2025-07-09T15:56:43.5533855Z ../core/src/edge/attributed.c:32:8: error: no header providing "gm_result_void_t" is directly included [misc-include-cleaner,-warnings-as-errors]
2025-07-09T15:56:43.5535374Z     8 | static gm_result_void_t resolve_sha(gm_context_t *ctx, const char *path,
2025-07-09T15:56:43.5536112Z       |        ^
2025-07-09T15:56:43.5536884Z ../core/src/edge/attributed.c:33:37: error: no header providing "uint8_t" is directly included [misc-include-cleaner,-warnings-as-errors]
2025-07-09T15:56:43.5537810Z    33 |                                     uint8_t *sha) {
2025-07-09T15:56:43.5538217Z       |                                     ^
2025-07-09T15:56:43.5539234Z ../core/src/edge/attributed.c:35:16: error: no header providing "gm_err_void" is directly included [misc-include-cleaner,-warnings-as-errors]
2025-07-09T15:56:43.5540218Z    35 |         return gm_err_void(GM_ERROR(GM_ERR_NOT_IMPLEMENTED,
2025-07-09T15:56:43.5540659Z       |                ^
2025-07-09T15:56:43.5541452Z ../core/src/edge/attributed.c:45:12: error: no header providing "gm_ok_void" is directly included [misc-include-cleaner,-warnings-as-errors]
2025-07-09T15:56:43.5542195Z    45 |     return gm_ok_void();
2025-07-09T15:56:43.5542397Z       |            ^
2025-07-09T15:56:43.5542879Z ../core/src/edge/attributed.c:51:1: error: no header providing "uint16_t" is directly included [misc-include-cleaner,-warnings-as-errors]
2025-07-09T15:56:43.5543478Z    51 | uint16_t gm_confidence_to_half_float(float confidence) {
2025-07-09T15:56:43.5543762Z       | ^
2025-07-09T15:56:43.5544462Z ../core/src/edge/attributed.c:110:5: error: 2 adjacent parameters of 'gm_edge_attributed_create' of convertible types are easily swapped by mistake [bugprone-easily-swappable-parameters,-warnings-as-errors]
2025-07-09T15:56:43.5545261Z   110 |     gm_rel_type_t rel_type, uint16_t confidence,
2025-07-09T15:56:43.5545540Z       |     ^~~~~~~~~~~~~~~~~~~~~~~~~~~~~~~~~~~~~~~~~~~
2025-07-09T15:56:43.5545922Z ../core/src/edge/attributed.c:110:19: note: the first parameter in the range is 'rel_type'
2025-07-09T15:56:43.5546345Z   110 |     gm_rel_type_t rel_type, uint16_t confidence,
2025-07-09T15:56:43.5546601Z       |                   ^~~~~~~~
2025-07-09T15:56:43.5546963Z ../core/src/edge/attributed.c:110:38: note: the last parameter in the range is 'confidence'
2025-07-09T15:56:43.5547545Z   110 |     gm_rel_type_t rel_type, uint16_t confidence,
2025-07-09T15:56:43.5547804Z       |                                      ^~~~~~~~~~
2025-07-09T15:56:43.5548055Z ../core/src/edge/attributed.c:110:5: note: 
2025-07-09T15:56:43.5548320Z   110 |     gm_rel_type_t rel_type, uint16_t confidence,
2025-07-09T15:56:43.5548561Z       |     ^
2025-07-09T15:56:43.5549516Z ../core/src/edge/attributed.c:110:29: note: 'gm_rel_type_t' and 'uint16_t' may be implicitly converted: 'gm_rel_type_t' -> 'uint16_t' (as 'unsigned short'), 'uint16_t' (as 'unsigned short') -> 'gm_rel_type_t'
2025-07-09T15:56:43.5550214Z   110 |     gm_rel_type_t rel_type, uint16_t confidence,
2025-07-09T15:56:43.5550481Z       |                             ^
2025-07-09T15:56:43.5551017Z ../core/src/edge/attributed.c:110:5: error: no header providing "gm_rel_type_t" is directly included [misc-include-cleaner,-warnings-as-errors]
2025-07-09T15:56:43.5551588Z     8 |     gm_rel_type_t rel_type, uint16_t confidence,
2025-07-09T15:56:43.5551842Z       |     ^
2025-07-09T15:56:43.5552342Z ../core/src/edge/attributed.c:111:11: error: no header providing "gm_attribution_t" is directly included [misc-include-cleaner,-warnings-as-errors]
2025-07-09T15:56:43.5552957Z     4 |     const gm_attribution_t *attribution, gm_lane_type_t lane) {
2025-07-09T15:56:43.5553250Z       |           ^
2025-07-09T15:56:43.5553726Z ../core/src/edge/attributed.c:122:29: error: no header providing "GM_PATH_MAX" is directly included [misc-include-cleaner,-warnings-as-errors]
2025-07-09T15:56:43.5554336Z   122 |     if (strlen(src_path) >= GM_PATH_MAX || strlen(tgt_path) >= GM_PATH_MAX) {
2025-07-09T15:56:43.5554659Z       |                             ^
2025-07-09T15:56:43.5555887Z ../core/src/edge/attributed.c:131:5: error: Call to function 'memset' is insecure as it does not provide security checks introduced in the C11 standard. Replace with analogous functions that support length arguments or provides boundary checks such as 'memset_s' in case of C11 [clang-analyzer-security.insecureAPI.DeprecatedOrUnsafeBufferHandling,-warnings-as-errors]
2025-07-09T15:56:43.5557169Z   131 |     memset(&edge, 0, sizeof(edge));
2025-07-09T15:56:43.5557399Z       |     ^~~~~~
2025-07-09T15:56:43.5558246Z ../core/src/edge/attributed.c:131:5: note: Call to function 'memset' is insecure as it does not provide security checks introduced in the C11 standard. Replace with analogous functions that support length arguments or provides boundary checks such as 'memset_s' in case of C11
2025-07-09T15:56:43.5559259Z   131 |     memset(&edge, 0, sizeof(edge));
2025-07-09T15:56:43.5559477Z       |     ^~~~~~
2025-07-09T15:56:43.5560700Z ../core/src/edge/attributed.c:151:5: error: Call to function 'strncpy' is insecure as it does not provide security checks introduced in the C11 standard. Replace with analogous functions that support length arguments or provides boundary checks such as 'strncpy_s' in case of C11 [clang-analyzer-security.insecureAPI.DeprecatedOrUnsafeBufferHandling,-warnings-as-errors]
2025-07-09T15:56:43.5561993Z   151 |     strncpy(edge.src_path, src_path, GM_PATH_MAX - 1);
2025-07-09T15:56:43.5562269Z       |     ^~~~~~~
2025-07-09T15:56:43.5563132Z ../core/src/edge/attributed.c:151:5: note: Call to function 'strncpy' is insecure as it does not provide security checks introduced in the C11 standard. Replace with analogous functions that support length arguments or provides boundary checks such as 'strncpy_s' in case of C11
2025-07-09T15:56:43.5564074Z   151 |     strncpy(edge.src_path, src_path, GM_PATH_MAX - 1);
2025-07-09T15:56:43.5564340Z       |     ^~~~~~~
2025-07-09T15:56:43.5565518Z ../core/src/edge/attributed.c:154:5: error: Call to function 'strncpy' is insecure as it does not provide security checks introduced in the C11 standard. Replace with analogous functions that support length arguments or provides boundary checks such as 'strncpy_s' in case of C11 [clang-analyzer-security.insecureAPI.DeprecatedOrUnsafeBufferHandling,-warnings-as-errors]
2025-07-09T15:56:43.5566970Z   154 |     strncpy(edge.tgt_path, tgt_path, GM_PATH_MAX - 1);
2025-07-09T15:56:43.5567238Z       |     ^~~~~~~
2025-07-09T15:56:43.5568075Z ../core/src/edge/attributed.c:154:5: note: Call to function 'strncpy' is insecure as it does not provide security checks introduced in the C11 standard. Replace with analogous functions that support length arguments or provides boundary checks such as 'strncpy_s' in case of C11
2025-07-09T15:56:43.5569333Z   154 |     strncpy(edge.tgt_path, tgt_path, GM_PATH_MAX - 1);
2025-07-09T15:56:43.5569649Z       |     ^~~~~~~
2025-07-09T15:56:43.5570142Z ../core/src/edge/attributed.c:158:5: error: no header providing "gm_result_ulid_t" is directly included [misc-include-cleaner,-warnings-as-errors]
2025-07-09T15:56:43.5570746Z     8 |     gm_result_ulid_t ulid_result = gm_ulid_generate(edge.ulid);
2025-07-09T15:56:43.5571030Z       |     ^
2025-07-09T15:56:43.5571524Z ../core/src/edge/attributed.c:158:36: error: no header providing "gm_ulid_generate" is directly included [misc-include-cleaner,-warnings-as-errors]
2025-07-09T15:56:43.5572140Z   158 |     gm_result_ulid_t ulid_result = gm_ulid_generate(edge.ulid);
2025-07-09T15:56:43.5572435Z       |                                    ^
2025-07-09T15:56:43.5573671Z ../core/src/edge/attributed.c:164:5: error: Call to function 'memcpy' is insecure as it does not provide security checks introduced in the C11 standard. Replace with analogous functions that support length arguments or provides boundary checks such as 'memcpy_s' in case of C11 [clang-analyzer-security.insecureAPI.DeprecatedOrUnsafeBufferHandling,-warnings-as-errors]
2025-07-09T15:56:43.5574994Z   164 |     memcpy(&edge.attribution, attribution, sizeof(gm_attribution_t));
2025-07-09T15:56:43.5575310Z       |     ^~~~~~
2025-07-09T15:56:43.5576166Z ../core/src/edge/attributed.c:164:5: note: Call to function 'memcpy' is insecure as it does not provide security checks introduced in the C11 standard. Replace with analogous functions that support length arguments or provides boundary checks such as 'memcpy_s' in case of C11
2025-07-09T15:56:43.5577157Z   164 |     memcpy(&edge.attribution, attribution, sizeof(gm_attribution_t));
2025-07-09T15:56:43.5577462Z       |     ^~~~~~
2025-07-09T15:56:43.5577951Z ../core/src/edge/attributed.c:175:10: error: no header providing "GM_REL_IMPLEMENTS" is directly included [misc-include-cleaner,-warnings-as-errors]
2025-07-09T15:56:43.5578503Z   175 |     case GM_REL_IMPLEMENTS:
2025-07-09T15:56:43.5578717Z       |          ^
2025-07-09T15:56:43.5579308Z ../core/src/edge/attributed.c:177:10: error: no header providing "GM_REL_REFERENCES" is directly included [misc-include-cleaner,-warnings-as-errors]
2025-07-09T15:56:43.5579847Z   177 |     case GM_REL_REFERENCES:
2025-07-09T15:56:43.5580055Z       |          ^
2025-07-09T15:56:43.5580522Z ../core/src/edge/attributed.c:179:10: error: no header providing "GM_REL_DEPENDS_ON" is directly included [misc-include-cleaner,-warnings-as-errors]
2025-07-09T15:56:43.5581056Z   179 |     case GM_REL_DEPENDS_ON:
2025-07-09T15:56:43.5581262Z       |          ^
2025-07-09T15:56:43.5581735Z ../core/src/edge/attributed.c:181:10: error: no header providing "GM_REL_AUGMENTS" is directly included [misc-include-cleaner,-warnings-as-errors]
2025-07-09T15:56:43.5582270Z   181 |     case GM_REL_AUGMENTS:
2025-07-09T15:56:43.5582470Z       |          ^
2025-07-09T15:56:43.5583667Z ../core/src/edge/attributed.c:200:19: error: Call to function 'snprintf' is insecure as it does not provide security checks introduced in the C11 standard. Replace with analogous functions that support length arguments or provides boundary checks such as 'snprintf_s' in case of C11 [clang-analyzer-security.insecureAPI.DeprecatedOrUnsafeBufferHandling,-warnings-as-errors]
2025-07-09T15:56:43.5585241Z   200 |     int written = snprintf(buffer, len, "%s ──%s──> %s",
2025-07-09T15:56:43.5585532Z       |                   ^~~~~~~~
2025-07-09T15:56:43.5586438Z ../core/src/edge/attributed.c:200:19: note: Call to function 'snprintf' is insecure as it does not provide security checks introduced in the C11 standard. Replace with analogous functions that support length arguments or provides boundary checks such as 'snprintf_s' in case of C11
2025-07-09T15:56:43.5587594Z   200 |     int written = snprintf(buffer, len, "%s ──%s──> %s",
2025-07-09T15:56:43.5587867Z       |                   ^~~~~~~~
2025-07-09T15:56:43.5588485Z ../core/src/edge/attributed.c:214:43: error: no header providing "gm_source_type_t" is directly included [misc-include-cleaner,-warnings-as-errors]
2025-07-09T15:56:43.5589348Z   214 | static const char *get_source_type_string(gm_source_type_t source_type) {
2025-07-09T15:56:43.5589693Z       |                                           ^
2025-07-09T15:56:43.5590236Z ../core/src/edge/attributed.c:216:10: error: no header providing "GM_SOURCE_HUMAN" is directly included [misc-include-cleaner,-warnings-as-errors]
2025-07-09T15:56:43.5590774Z   216 |     case GM_SOURCE_HUMAN:
2025-07-09T15:56:43.5590974Z       |          ^
2025-07-09T15:56:43.5591471Z ../core/src/edge/attributed.c:218:10: error: no header providing "GM_SOURCE_AI_CLAUDE" is directly included [misc-include-cleaner,-warnings-as-errors]
2025-07-09T15:56:43.5592017Z   218 |     case GM_SOURCE_AI_CLAUDE:
2025-07-09T15:56:43.5592231Z       |          ^
2025-07-09T15:56:43.5592713Z ../core/src/edge/attributed.c:220:10: error: no header providing "GM_SOURCE_AI_GPT" is directly included [misc-include-cleaner,-warnings-as-errors]
2025-07-09T15:56:43.5593243Z   220 |     case GM_SOURCE_AI_GPT:
2025-07-09T15:56:43.5593449Z       |          ^
2025-07-09T15:56:43.5593919Z ../core/src/edge/attributed.c:222:10: error: no header providing "GM_SOURCE_SYSTEM" is directly included [misc-include-cleaner,-warnings-as-errors]
2025-07-09T15:56:43.5594454Z   222 |     case GM_SOURCE_SYSTEM:
2025-07-09T15:56:43.5594656Z       |          ^
2025-07-09T15:56:43.5595842Z ../core/src/edge/attributed.c:255:19: error: Call to function 'snprintf' is insecure as it does not provide security checks introduced in the C11 standard. Replace with analogous functions that support length arguments or provides boundary checks such as 'snprintf_s' in case of C11 [clang-analyzer-security.insecureAPI.DeprecatedOrUnsafeBufferHandling,-warnings-as-errors]
2025-07-09T15:56:43.5597229Z   255 |         written = snprintf(buffer, len, "%s [%s: %s]",
2025-07-09T15:56:43.5597486Z       |                   ^~~~~~~~
2025-07-09T15:56:43.5598380Z ../core/src/edge/attributed.c:255:19: note: Call to function 'snprintf' is insecure as it does not provide security checks introduced in the C11 standard. Replace with analogous functions that support length arguments or provides boundary checks such as 'snprintf_s' in case of C11
2025-07-09T15:56:43.5599555Z   255 |         written = snprintf(buffer, len, "%s [%s: %s]",
2025-07-09T15:56:43.5599815Z       |                   ^~~~~~~~
2025-07-09T15:56:43.5601039Z ../core/src/edge/attributed.c:260:19: error: Call to function 'snprintf' is insecure as it does not provide security checks introduced in the C11 standard. Replace with analogous functions that support length arguments or provides boundary checks such as 'snprintf_s' in case of C11 [clang-analyzer-security.insecureAPI.DeprecatedOrUnsafeBufferHandling,-warnings-as-errors]
2025-07-09T15:56:43.5602347Z   260 |         written = snprintf(buffer, len, "%s [%s: %s, conf: %.2f]",
2025-07-09T15:56:43.5602635Z       |                   ^~~~~~~~
2025-07-09T15:56:43.5603528Z ../core/src/edge/attributed.c:260:19: note: Call to function 'snprintf' is insecure as it does not provide security checks introduced in the C11 standard. Replace with analogous functions that support length arguments or provides boundary checks such as 'snprintf_s' in case of C11
2025-07-09T15:56:43.5604493Z   260 |         written = snprintf(buffer, len, "%s [%s: %s, conf: %.2f]",
2025-07-09T15:56:43.5604778Z       |                   ^~~~~~~~
2025-07-09T15:56:43.5605247Z ../core/src/edge/edge.c:5:1: error: included header constants.h is not used directly [misc-include-cleaner,-warnings-as-errors]
2025-07-09T15:56:43.5605881Z     5 | #include "gitmind/constants.h"
2025-07-09T15:56:43.5606250Z       | ^~~~~~~~~~~~~~~~~~~~~~~~~~~~~~
2025-07-09T15:56:43.5606581Z     6 | #include "gitmind/context.h"
2025-07-09T15:56:43.5607072Z ../core/src/edge/edge.c:21:8: error: no header providing "uint64_t" is directly included [misc-include-cleaner,-warnings-as-errors]
2025-07-09T15:56:43.5607807Z     9 | #include <string.h>
2025-07-09T15:56:43.5608126Z    10 | #include <stdio.h>
2025-07-09T15:56:43.5608426Z    11 | #include <time.h>
2025-07-09T15:56:43.5608709Z    12 | 
2025-07-09T15:56:43.5609163Z    13 | /* Result type is defined in edge.h */
2025-07-09T15:56:43.5609532Z    14 | 
2025-07-09T15:56:43.5609774Z    15 | /* Constants */
2025-07-09T15:56:43.5610210Z    16 | #define DEFAULT_CONFIDENCE 100 /* Default confidence percentage */
2025-07-09T15:56:43.5610708Z    17 | 
2025-07-09T15:56:43.5610952Z    18 | /**
2025-07-09T15:56:43.5611255Z    19 |  * Get current timestamp in milliseconds
2025-07-09T15:56:43.5611549Z    20 |  */
2025-07-09T15:56:43.5611779Z    21 | static uint64_t get_timestamp_millis(gm_context_t *ctx) {
2025-07-09T15:56:43.5612059Z       |        ^
2025-07-09T15:56:43.5612532Z ../core/src/edge/edge.c:24:38: error: no header providing "CLOCK_REALTIME" is directly included [misc-include-cleaner,-warnings-as-errors]
2025-07-09T15:56:43.5613264Z     9 | #include <string.h>
2025-07-09T15:56:43.5613478Z    10 | #include <stdio.h>
2025-07-09T15:56:43.5613675Z    11 | #include <time.h>
2025-07-09T15:56:43.5613853Z    12 | 
2025-07-09T15:56:43.5614031Z    13 | /* Result type is defined in edge.h */
2025-07-09T15:56:43.5614257Z    14 | 
2025-07-09T15:56:43.5614415Z    15 | /* Constants */
2025-07-09T15:56:43.5614691Z    16 | #define DEFAULT_CONFIDENCE 100 /* Default confidence percentage */
2025-07-09T15:56:43.5614992Z    17 | 
2025-07-09T15:56:43.5615137Z    18 | /**
2025-07-09T15:56:43.5615311Z    19 |  * Get current timestamp in milliseconds
2025-07-09T15:56:43.5615546Z    20 |  */
2025-07-09T15:56:43.5615767Z    21 | static uint64_t get_timestamp_millis(gm_context_t *ctx) {
2025-07-09T15:56:43.5616065Z    22 |     struct timespec time_spec;
2025-07-09T15:56:43.5616352Z    23 |     if (ctx && ctx->time_ops && ctx->time_ops->clock_gettime) {
2025-07-09T15:56:43.5616713Z    24 |         ctx->time_ops->clock_gettime(CLOCK_REALTIME, &time_spec);
2025-07-09T15:56:43.5617011Z       |                                      ^
2025-07-09T15:56:43.5617618Z ../core/src/edge/edge.c:26:9: error: the value returned by this function should not be disregarded; neglecting it may lead to errors [cert-err33-c,-warnings-as-errors]
2025-07-09T15:56:43.5618241Z    26 |         clock_gettime(CLOCK_REALTIME, &time_spec);
2025-07-09T15:56:43.5618505Z       |         ^~~~~~~~~~~~~~~~~~~~~~~~~~~~~~~~~~~~~~~~~
2025-07-09T15:56:43.5618862Z ../core/src/edge/edge.c:26:9: note: cast the expression to void to silence this warning
2025-07-09T15:56:43.5619878Z ../core/src/edge/edge.c:28:12: error: '*' has higher precedence than '+'; add parentheses to explicitly specify the order of operations [readability-math-missing-parentheses,-warnings-as-errors]
2025-07-09T15:56:43.5620630Z    28 |     return (uint64_t)time_spec.tv_sec * MILLIS_PER_SECOND +
2025-07-09T15:56:43.5620947Z       |            ^~~~~~~~~~~~~~~~~~~~~~~~~~~~~~~~~~~~~~~~~~~~~~
2025-07-09T15:56:43.5621203Z       |            (                                             )
2025-07-09T15:56:43.5621899Z ../core/src/edge/edge.c:29:12: error: '/' has higher precedence than '+'; add parentheses to explicitly specify the order of operations [readability-math-missing-parentheses,-warnings-as-errors]
2025-07-09T15:56:43.5622604Z    29 |            (uint64_t)time_spec.tv_nsec / NANOS_PER_MILLI;
2025-07-09T15:56:43.5622884Z       |            ^~~~~~~~~~~~~~~~~~~~~~~~~~~~~~~~~~~~~~~~~~~~~~
2025-07-09T15:56:43.5623129Z       |            (                                            )
2025-07-09T15:56:43.5624338Z ../core/src/edge/edge.c:36:5: error: Call to function 'memset' is insecure as it does not provide security checks introduced in the C11 standard. Replace with analogous functions that support length arguments or provides boundary checks such as 'memset_s' in case of C11 [clang-analyzer-security.insecureAPI.DeprecatedOrUnsafeBufferHandling,-warnings-as-errors]
2025-07-09T15:56:43.5625735Z    36 |     memset(edge, 0, sizeof(gm_edge_t));
2025-07-09T15:56:43.5625976Z       |     ^~~~~~
2025-07-09T15:56:43.5626965Z ../core/src/edge/edge.c:36:5: note: Call to function 'memset' is insecure as it does not provide security checks introduced in the C11 standard. Replace with analogous functions that support length arguments or provides boundary checks such as 'memset_s' in case of C11
2025-07-09T15:56:43.5628566Z    36 |     memset(edge, 0, sizeof(gm_edge_t));
2025-07-09T15:56:43.5628950Z       |     ^~~~~~
2025-07-09T15:56:43.5629876Z ../core/src/edge/edge.c:43:8: error: no header providing "gm_result_void_t" is directly included [misc-include-cleaner,-warnings-as-errors]
2025-07-09T15:56:43.5630889Z     8 | static gm_result_void_t resolve_sha(gm_context_t *ctx, const char *path,
2025-07-09T15:56:43.5631393Z       |        ^
2025-07-09T15:56:43.5631944Z ../core/src/edge/edge.c:44:37: error: no header providing "uint8_t" is directly included [misc-include-cleaner,-warnings-as-errors]
2025-07-09T15:56:43.5632451Z    44 |                                     uint8_t *sha) {
2025-07-09T15:56:43.5632715Z       |                                     ^
2025-07-09T15:56:43.5633209Z ../core/src/edge/edge.c:46:16: error: no header providing "gm_err_void" is directly included [misc-include-cleaner,-warnings-as-errors]
2025-07-09T15:56:43.5633751Z    46 |         return gm_err_void(GM_ERROR(GM_ERR_NOT_IMPLEMENTED,
2025-07-09T15:56:43.5634066Z       |                ^
2025-07-09T15:56:43.5634779Z ../core/src/edge/edge.c:56:12: error: no header providing "gm_ok_void" is directly included [misc-include-cleaner,-warnings-as-errors]
2025-07-09T15:56:43.5635277Z    56 |     return gm_ok_void();
2025-07-09T15:56:43.5635485Z       |            ^
2025-07-09T15:56:43.5636656Z ../core/src/edge/edge.c:97:5: error: Call to function 'strncpy' is insecure as it does not provide security checks introduced in the C11 standard. Replace with analogous functions that support length arguments or provides boundary checks such as 'strncpy_s' in case of C11 [clang-analyzer-security.insecureAPI.DeprecatedOrUnsafeBufferHandling,-warnings-as-errors]
2025-07-09T15:56:43.5637954Z    97 |     strncpy(edge.src_path, src_path, GM_PATH_MAX - 1);
2025-07-09T15:56:43.5638224Z       |     ^~~~~~~
2025-07-09T15:56:43.5639301Z ../core/src/edge/edge.c:97:5: note: Call to function 'strncpy' is insecure as it does not provide security checks introduced in the C11 standard. Replace with analogous functions that support length arguments or provides boundary checks such as 'strncpy_s' in case of C11
2025-07-09T15:56:43.5640223Z    97 |     strncpy(edge.src_path, src_path, GM_PATH_MAX - 1);
2025-07-09T15:56:43.5640488Z       |     ^~~~~~~
2025-07-09T15:56:43.5641653Z ../core/src/edge/edge.c:100:5: error: Call to function 'strncpy' is insecure as it does not provide security checks introduced in the C11 standard. Replace with analogous functions that support length arguments or provides boundary checks such as 'strncpy_s' in case of C11 [clang-analyzer-security.insecureAPI.DeprecatedOrUnsafeBufferHandling,-warnings-as-errors]
2025-07-09T15:56:43.5642903Z   100 |     strncpy(edge.tgt_path, tgt_path, GM_PATH_MAX - 1);
2025-07-09T15:56:43.5643169Z       |     ^~~~~~~
2025-07-09T15:56:43.5643984Z ../core/src/edge/edge.c:100:5: note: Call to function 'strncpy' is insecure as it does not provide security checks introduced in the C11 standard. Replace with analogous functions that support length arguments or provides boundary checks such as 'strncpy_s' in case of C11
2025-07-09T15:56:43.5644901Z   100 |     strncpy(edge.tgt_path, tgt_path, GM_PATH_MAX - 1);
2025-07-09T15:56:43.5645167Z       |     ^~~~~~~
2025-07-09T15:56:43.5645600Z ../core/src/edge/edge.c:103:22: error: no header providing "uint16_t" is directly included [misc-include-cleaner,-warnings-as-errors]
2025-07-09T15:56:43.5646293Z   103 |     edge.rel_type = (uint16_t)rel_type;
2025-07-09T15:56:43.5646535Z       |                      ^
2025-07-09T15:56:43.5647019Z ../core/src/edge/edge.c:107:5: error: no header providing "gm_result_ulid_t" is directly included [misc-include-cleaner,-warnings-as-errors]
2025-07-09T15:56:43.5647700Z     9 |     gm_result_ulid_t ulid_result = gm_ulid_generate(edge.ulid);
2025-07-09T15:56:43.5647983Z       |     ^
2025-07-09T15:56:43.5648439Z ../core/src/edge/edge.c:107:36: error: no header providing "gm_ulid_generate" is directly included [misc-include-cleaner,-warnings-as-errors]
2025-07-09T15:56:43.5649187Z   107 |     gm_result_ulid_t ulid_result = gm_ulid_generate(edge.ulid);
2025-07-09T15:56:43.5649495Z       |                                    ^
2025-07-09T15:56:43.5650718Z ../core/src/edge/edge.c:165:19: error: Call to function 'snprintf' is insecure as it does not provide security checks introduced in the C11 standard. Replace with analogous functions that support length arguments or provides boundary checks such as 'snprintf_s' in case of C11 [clang-analyzer-security.insecureAPI.DeprecatedOrUnsafeBufferHandling,-warnings-as-errors]
2025-07-09T15:56:43.5651986Z   165 |     int written = snprintf(buffer, len, "%s: %s -> %s",
2025-07-09T15:56:43.5652260Z       |                   ^~~~~~~~
2025-07-09T15:56:43.5653129Z ../core/src/edge/edge.c:165:19: note: Call to function 'snprintf' is insecure as it does not provide security checks introduced in the C11 standard. Replace with analogous functions that support length arguments or provides boundary checks such as 'snprintf_s' in case of C11
2025-07-09T15:56:43.5654057Z   165 |     int written = snprintf(buffer, len, "%s: %s -> %s",
2025-07-09T15:56:43.5654323Z       |                   ^~~~~~~~
2025-07-09T15:56:43.5654926Z ../core/src/types/path.c:115:39: error: narrowing conversion from 'int' to signed type 'char' is implementation-defined [bugprone-narrowing-conversions,-warnings-as-errors]
2025-07-09T15:56:43.5655635Z   115 |         return (unix_sep < win_sep) ? GmPathSepUnix : GmPathSepWin;
2025-07-09T15:56:43.5655948Z       |                                       ^
2025-07-09T15:56:43.5656590Z ../core/src/types/path.c:115:55: error: narrowing conversion from 'int' to signed type 'char' is implementation-defined [bugprone-narrowing-conversions,-warnings-as-errors]
2025-07-09T15:56:43.5657286Z   115 |         return (unix_sep < win_sep) ? GmPathSepUnix : GmPathSepWin;
2025-07-09T15:56:43.5657592Z       |                                                       ^
2025-07-09T15:56:43.5658346Z /home/runner/work/git-mind/git-mind/core/include/gitmind/attribution.h:33:17: error: 64 is a magic number; consider replacing it with a named constant [readability-magic-numbers,-warnings-as-errors]
2025-07-09T15:56:43.5659312Z    33 |     char author[64];              /**< Email or identifier */
2025-07-09T15:56:43.5659598Z       |                 ^
2025-07-09T15:56:43.5660293Z /home/runner/work/git-mind/git-mind/core/include/gitmind/attribution.h:34:21: error: 32 is a magic number; consider replacing it with a named constant [readability-magic-numbers,-warnings-as-errors]
2025-07-09T15:56:43.5661072Z    34 |     char session_id[32];          /**< Session/conversation ID */
2025-07-09T15:56:43.5661363Z       |                     ^
2025-07-09T15:56:43.5662001Z /home/runner/work/git-mind/git-mind/core/include/gitmind/context.h:23:26: error: no header providing "clockid_t" is directly included [misc-include-cleaner,-warnings-as-errors]
2025-07-09T15:56:43.5662724Z     7 |     int (*clock_gettime)(clockid_t clk_id, struct timespec *tp);
2025-07-09T15:56:43.5663025Z       |                          ^
2025-07-09T15:56:43.5663729Z /home/runner/work/git-mind/git-mind/core/include/gitmind/context.h:23:61: error: parameter name 'tp' is too short, expected at least 3 characters [readability-identifier-length,-warnings-as-errors]
2025-07-09T15:56:43.5664667Z    23 |     int (*clock_gettime)(clockid_t clk_id, struct timespec *tp);
2025-07-09T15:56:43.5664965Z       |                                                             ^
2025-07-09T15:56:43.5665627Z /home/runner/work/git-mind/git-mind/core/include/gitmind/edge.h:39:15: error: no header providing "GM_ULID_SIZE" is directly included [misc-include-cleaner,-warnings-as-errors]
2025-07-09T15:56:43.5666482Z     9 |     char ulid[GM_ULID_SIZE + 1];        /**< Unique identifier */
2025-07-09T15:56:43.5666765Z       |               ^
2025-07-09T15:56:43.5667403Z /home/runner/work/git-mind/git-mind/core/include/gitmind/edge.h:79:70: error: no header providing "size_t" is directly included [misc-include-cleaner,-warnings-as-errors]
2025-07-09T15:56:43.5668143Z    10 | gm_result_void_t gm_edge_format(const gm_edge_t *edge, char *buffer, size_t len);
2025-07-09T15:56:43.5668510Z       |                                                                      ^
2025-07-09T15:56:43.5669482Z /home/runner/work/git-mind/git-mind/core/include/gitmind/edge_attributed.h:47:15: error: no header providing "GM_ULID_SIZE" is directly included [misc-include-cleaner,-warnings-as-errors]
2025-07-09T15:56:43.5670243Z    11 |     char ulid[GM_ULID_SIZE + 1];        /**< Unique identifier */
2025-07-09T15:56:43.5670527Z       |               ^
2025-07-09T15:56:43.5671158Z /home/runner/work/git-mind/git-mind/core/include/gitmind/edge_attributed.h:108:57: error: no header providing "size_t" is directly included [misc-include-cleaner,-warnings-as-errors]
2025-07-09T15:56:43.5671855Z    11 |                                           char *buffer, size_t len);
2025-07-09T15:56:43.5672123Z       |                                                         ^
2025-07-09T15:56:43.5672750Z /home/runner/work/git-mind/git-mind/core/include/gitmind/types.h:40:1: error: included header id.h is not used directly [misc-include-cleaner,-warnings-as-errors]
2025-07-09T15:56:43.5673368Z    40 | #include "gitmind/types/id.h"
2025-07-09T15:56:43.5673588Z       | ^~~~~~~~~~~~~~~~~~~~~~~~~~~~~
2025-07-09T15:56:43.5673822Z    41 | #include "gitmind/types/path.h"
2025-07-09T15:56:43.5674460Z /home/runner/work/git-mind/git-mind/core/include/gitmind/types.h:41:1: error: included header path.h is not used directly [misc-include-cleaner,-warnings-as-errors]
2025-07-09T15:56:43.5675096Z    41 | #include "gitmind/types/path.h"
2025-07-09T15:56:43.5675326Z       | ^~~~~~~~~~~~~~~~~~~~~~~~~~~~~~~
2025-07-09T15:56:43.5675555Z    42 | #include "gitmind/types/string.h"
2025-07-09T15:56:43.5676193Z /home/runner/work/git-mind/git-mind/core/include/gitmind/types.h:42:1: error: included header string.h is not used directly [misc-include-cleaner,-warnings-as-errors]
2025-07-09T15:56:43.5676824Z    42 | #include "gitmind/types/string.h"
2025-07-09T15:56:43.5677056Z       | ^~~~~~~~~~~~~~~~~~~~~~~~~~~~~~~~~
2025-07-09T15:56:43.5677276Z    43 | #include "gitmind/types/ulid.h"
2025-07-09T15:56:43.5677891Z /home/runner/work/git-mind/git-mind/core/include/gitmind/types.h:43:1: error: included header ulid.h is not used directly [misc-include-cleaner,-warnings-as-errors]
2025-07-09T15:56:43.5678522Z    43 | #include "gitmind/types/ulid.h"
2025-07-09T15:56:43.5678738Z       | ^~~~~~~~~~~~~~~~~~~~~~~~~~~~~~~
2025-07-09T15:56:43.5678946Z    44 | 
2025-07-09T15:56:43.5704287Z ##[group]Run python3 tools/count_warnings.py check clang-tidy-report.txt tools/baseline_count.txt
2025-07-09T15:56:43.5704916Z [36;1mpython3 tools/count_warnings.py check clang-tidy-report.txt tools/baseline_count.txt[0m
2025-07-09T15:56:43.5770967Z shell: /usr/bin/bash -e {0}
2025-07-09T15:56:43.5771207Z ##[endgroup]
2025-07-09T15:56:43.6003400Z ❌ New warnings detected: 12 (baseline: 0)
2025-07-09T15:56:43.6046212Z ##[error]Process completed with exit code 1.
2025-07-09T15:56:43.6137812Z Post job cleanup.
2025-07-09T15:56:43.7088665Z [command]/usr/bin/git version
2025-07-09T15:56:43.7137557Z git version 2.49.0
2025-07-09T15:56:43.7185475Z Temporarily overriding HOME='/home/runner/work/_temp/1c6ffaa0-0a32-4a71-a3a4-5c3c2644c27e' before making global git config changes
2025-07-09T15:56:43.7187063Z Adding repository directory to the temporary git global config as a safe directory
2025-07-09T15:56:43.7192524Z [command]/usr/bin/git config --global --add safe.directory /home/runner/work/git-mind/git-mind
2025-07-09T15:56:43.7233075Z [command]/usr/bin/git config --local --name-only --get-regexp core\.sshCommand
2025-07-09T15:56:43.7268661Z [command]/usr/bin/git submodule foreach --recursive sh -c "git config --local --name-only --get-regexp 'core\.sshCommand' && git config --local --unset-all 'core.sshCommand' || :"
2025-07-09T15:56:43.7507378Z [command]/usr/bin/git config --local --name-only --get-regexp http\.https\:\/\/github\.com\/\.extraheader
2025-07-09T15:56:43.7530151Z http.https://github.com/.extraheader
2025-07-09T15:56:43.7543880Z [command]/usr/bin/git config --local --unset-all http.https://github.com/.extraheader
2025-07-09T15:56:43.7576261Z [command]/usr/bin/git submodule foreach --recursive sh -c "git config --local --name-only --get-regexp 'http\.https\:\/\/github\.com\/\.extraheader' && git config --local --unset-all 'http.https://github.com/.extraheader' || :"
2025-07-09T15:56:43.7933860Z Cleaning up orphan processes
